start=2026-07-31T01:27:02Z
	[4mGPU0	GPU1	GPU2	GPU3	CPU Affinity	NUMA Affinity	GPU NUMA ID[0m
GPU0	 X 	NODE	NODE	NODE	0-47,96-143	0		N/A
GPU1	NODE	 X 	NODE	NODE	0-47,96-143	0		N/A
GPU2	NODE	NODE	 X 	NODE	0-47,96-143	0		N/A
GPU3	NODE	NODE	NODE	 X 	0-47,96-143	0		N/A

Legend:

  X    = Self
  SYS  = Connection traversing PCIe as well as the SMP interconnect between NUMA nodes (e.g., QPI/UPI)
  NODE = Connection traversing PCIe as well as the interconnect between PCIe Host Bridges within a NUMA node
  PHB  = Connection traversing PCIe as well as a PCIe Host Bridge (typically the CPU)
  PXB  = Connection traversing multiple PCIe bridges (without traversing the PCIe Host Bridge)
  PIX  = Connection traversing at most a single PCIe bridge
  NV#  = Connection traversing a bonded set of # NVLinks
nvidia-smi topo -p2p r:
	[4mGPU0	GPU1	GPU2	GPU3	[0m
 GPU0	X	OK	OK	OK
 GPU1	OK	X	OK	OK
 GPU2	OK	OK	X	OK
 GPU3	OK	OK	OK	X

Legend:

  X    = Self
  OK   = Status Ok
  CNS  = Chipset not supported
  GNS  = GPU not supported
  TNS  = Topology not supported
  NS   = Not supported
  DR   = Disabled by regkey
  U    = Unknown
nvidia-smi topo -p2p w:
	[4mGPU0	GPU1	GPU2	GPU3	[0m
 GPU0	X	OK	OK	OK
 GPU1	OK	X	OK	OK
 GPU2	OK	OK	X	OK
 GPU3	OK	OK	OK	X

Legend:

  X    = Self
  OK   = Status Ok
  CNS  = Chipset not supported
  GNS  = GPU not supported
  TNS  = Topology not supported
  NS   = Not supported
  DR   = Disabled by regkey
  U    = Unknown
torch 2.12.0+cu132 cuda 13.2 count 4
can_peer 0->1: True
can_peer 0->2: True
can_peer 0->3: True
can_peer 1->0: True
can_peer 1->2: True
can_peer 1->3: True
can_peer 2->0: True
can_peer 2->1: True
can_peer 2->3: True
can_peer 3->0: True
can_peer 3->1: True
can_peer 3->2: True
copy 0->1: PASS bytes=4194304
copy 0->2: PASS bytes=4194304
copy 0->3: PASS bytes=4194304
copy 1->0: PASS bytes=4194304
copy 1->2: PASS bytes=4194304
copy 1->3: PASS bytes=4194304
copy 2->0: PASS bytes=4194304
copy 2->1: PASS bytes=4194304
copy 2->3: PASS bytes=4194304
copy 3->0: PASS bytes=4194304
copy 3->1: PASS bytes=4194304
copy 3->2: PASS bytes=4194304
ALL_P2P_COPY_PASS
end=2026-07-31T01:27:05Z
