case=lmcache-19
head=1d4396c70352764d1fa5c85ef2f27dbe948d6481
start=2026-07-31T01:19:32Z
command=CUDA_VISIBLE_DEVICES= pytest -q tests/v1/test_vllm_mp_adapter.py

tests/v1/test_vllm_mp_adapter.py::test_register_kv_caches_updates_kv_caches_and_submits PASSED [  3%]
tests/v1/test_vllm_mp_adapter.py::test_register_kv_caches_raises_connection_error_on_timeout PASSED [  6%]
tests/v1/test_vllm_mp_adapter.py::test_register_kv_caches_cpu_submits_engine_driven_context_registration PASSED [ 10%]
tests/v1/test_vllm_mp_adapter.py::test_submit_store_request_tracks_returned_future PASSED [ 13%]
tests/v1/test_vllm_mp_adapter.py::test_chunked_store_keeps_all_futures_and_events PASSED [ 17%]
tests/v1/test_vllm_mp_adapter.py::test_raising_store_query_is_contained_and_releases_event PASSED [ 20%]
tests/v1/test_vllm_mp_adapter.py::test_submit_store_request_expands_block_ids_to_views PASSED [ 24%]
tests/v1/test_vllm_mp_adapter.py::test_submit_retrieve_request_tracks_returned_future PASSED [ 27%]
tests/v1/test_vllm_mp_adapter.py::test_load_store_op_accepts_per_group_block_ids PASSED [ 31%]
tests/v1/test_vllm_mp_adapter.py::test_store_keeps_event_until_future_finishes PASSED [ 34%]
tests/v1/test_vllm_mp_adapter.py::test_retrieve_keeps_event_until_future_finishes PASSED [ 37%]
tests/v1/test_vllm_mp_adapter.py::test_instance_id_is_uuid_derived_63_bit_int PASSED [ 41%]
tests/v1/test_vllm_mp_adapter.py::test_instance_id_logged_at_info_on_construction PASSED [ 44%]
tests/v1/test_vllm_mp_adapter.py::test_heartbeat_lazy_start_wires_callback_before_start PASSED [ 48%]
tests/v1/test_vllm_mp_adapter.py::test_heartbeat_first_ping_runs_callback_before_setting_event PASSED [ 51%]
tests/v1/test_vllm_mp_adapter.py::test_dropped_retrieve_reported_once_via_unhealthy_get_finished PASSED [ 55%]
tests/v1/test_vllm_mp_adapter.py::test_dropped_retrieve_reported_once_via_healthy_get_finished PASSED [ 58%]
tests/v1/test_vllm_mp_adapter.py::test_shutdown_stops_heartbeat_before_unregister PASSED [ 62%]
tests/v1/test_vllm_mp_adapter.py::test_shutdown_without_heartbeat_sends_unregister PASSED [ 65%]
tests/v1/test_vllm_mp_adapter.py::test_straggler_cycle_after_stop_skips_callback_and_event PASSED [ 68%]
tests/v1/test_vllm_mp_adapter.py::test_recover_callback_skips_register_after_stop_requested PASSED [ 72%]
tests/v1/test_vllm_mp_adapter.py::test_register_uses_local_context_when_self_transfer_ctx_nulled PASSED [ 75%]
tests/v1/test_vllm_mp_adapter.py::test_startup_warns_when_heartbeat_interval_exceeds_reap_floor PASSED [ 79%]
tests/v1/test_vllm_mp_adapter.py::test_startup_does_not_warn_for_default_heartbeat_interval PASSED [ 82%]
tests/v1/test_vllm_mp_adapter.py::test_recover_callback_rebuilds_transfer_ctx_without_closing_previous PASSED [ 86%]
tests/v1/test_vllm_mp_adapter.py::test_failed_retrieve_marks_blocks_invalid PASSED [ 89%]
tests/v1/test_vllm_mp_adapter.py::test_raising_retrieve_future_contained_as_failure PASSED [ 93%]
tests/v1/test_vllm_mp_adapter.py::test_raising_retrieve_query_contained_as_failure PASSED [ 96%]
tests/v1/test_vllm_mp_adapter.py::test_successful_retrieve_marks_no_blocks_invalid PASSED [100%]

=============================== warnings summary ===============================
../../../../opt/venv/lib/python3.12/site-packages/torch/cuda/__init__.py:63
  /opt/venv/lib/python3.12/site-packages/torch/cuda/__init__.py:63: FutureWarning: The pynvml package is deprecated. Please install nvidia-ml-py instead. If you did not install pynvml directly, please report this to the maintainers of the package that installed pynvml for you.
    import pynvml  # type: ignore[import]

../../../../opt/venv/lib/python3.12/site-packages/opentelemetry/sdk/_logs/_internal/__init__.py:580: 75 warnings
  /opt/venv/lib/python3.12/site-packages/opentelemetry/sdk/_logs/_internal/__init__.py:580: DeprecationWarning: `LoggingHandler` in `opentelemetry-sdk` is deprecated. Use the handler from `opentelemetry-instrumentation-logging` instead.
    warnings.warn(

-- Docs: https://docs.pytest.org/en/stable/how-to/capture-warnings.html
======================= 29 passed, 76 warnings in 2.72s ========================
exit=0
elapsed_seconds=8
end=2026-07-31T01:19:40Z
