head=85abae7d2dab3585be9ad920dc634ea37c905333 server_pid=42601 gpu=physical-3 start=2026-07-31T01:53:32Z
/opt/venv/lib/python3.12/site-packages/torch/cuda/__init__.py:63: FutureWarning: The pynvml package is deprecated. Please install nvidia-ml-py instead. If you did not install pynvml directly, please report this to the maintainers of the package that installed pynvml for you.
  import pynvml  # type: ignore[import]
[32;20m[2026-07-31 01:53:33,052] LMCache INFO:[0m torch_dev=<module 'torch.cuda' from '/opt/venv/lib/python3.12/site-packages/torch/cuda/__init__.py'>, torch_device_type=cuda [3m(__init__.py:249:lmcache.v1.platform)[0m
[32;20m[2026-07-31 01:53:33,171] LMCache INFO:[0m Using backend: lmcache.c_ops [3m(__init__.py:239:lmcache.v1.platform)[0m
[32;20m[2026-07-31 01:53:33,656] LMCache INFO:[0m multi_layer_block_kv_transfer mode: ptr [3m(base.py:94:lmcache.v1.multiprocess.transfer_context.base)[0m
Connecting to LMCache MP Server at tcp://127.0.0.1:5557 (mode=gpu) ...
Server chunk_size = 256
Resolved KV shape spec: (2,1024,16,8,128):float16:32
Each request: 513 tokens (2 full chunks)
KV shape: 32 layers, 8 heads x 128, dtype=float16, blocks=1024x16, kv=2
Allocated 32 GPU tensors on cuda:0
REGISTER_KV_CACHE: OK

=== Request seq=0 ===
  [seq 0/cold] LOOKUP: 0/2 chunks hit (1.2 ms)
  [seq 0/cold] STORE: stored (512 tokens, 5.3 ms)
  [seq 0/cold] CHECKSUM: efda1bcc1c7489a0 (2 chunks)
  [seq 0/warm] LOOKUP: 2/2 chunks hit (0.6 ms)
  [seq 0/warm] RETRIEVE: retrieved (512 tokens, 1.0 ms)
  [seq 0/warm] CHECKSUM: efda1bcc1c7489a0 (2 chunks)
  [seq 0] CHECKSUM MATCH OK

=== Request seq=1 ===
  [seq 1/cold] LOOKUP: 0/2 chunks hit (0.4 ms)
  [seq 1/cold] STORE: stored (512 tokens, 0.8 ms)
  [seq 1/cold] CHECKSUM: d559767dc5fd67f2 (2 chunks)
  [seq 1/warm] LOOKUP: 2/2 chunks hit (0.4 ms)
  [seq 1/warm] RETRIEVE: retrieved (512 tokens, 0.7 ms)
  [seq 1/warm] CHECKSUM: d559767dc5fd67f2 (2 chunks)
  [seq 1] CHECKSUM MATCH OK

=== Request seq=2 ===
  [seq 2/cold] LOOKUP: 0/2 chunks hit (0.4 ms)
  [seq 2/cold] STORE: stored (512 tokens, 0.7 ms)
  [seq 2/cold] CHECKSUM: c41280d166c9edc8 (2 chunks)
  [seq 2/warm] LOOKUP: 2/2 chunks hit (0.5 ms)
  [seq 2/warm] RETRIEVE: retrieved (512 tokens, 0.8 ms)
  [seq 2/warm] CHECKSUM: c41280d166c9edc8 (2 chunks)
  [seq 2] CHECKSUM MATCH OK

UNREGISTER_KV_CACHE: OK
===================== Server Bench Result ======================
------------------------ Configuration -------------------------
RPC URL:                                    tcp://127.0.0.1:5557
Mode:                                                        gpu
Transfer mode:                                    lmcache_driven
Tokens / request:                                            512
Interval (s):                                               0.00
--------------------------- Results ----------------------------
Total requests:                                                3
Checksum OK:                                                   3
Checksum FAIL:                                                 0
Pass rate (%):                                            100.00
----------------------- Cold Lookup (ms) -----------------------
count:                                                         3
mean:                                                       0.65
min:                                                        0.39
max:                                                        1.17
p50:                                                        0.40
p99:                                                        1.17
----------------------- Cold Store (ms) ------------------------
count:                                                         3
mean:                                                       2.27
min:                                                        0.68
max:                                                        5.32
p50:                                                        0.82
p99:                                                        5.32
----------------------- Warm Lookup (ms) -----------------------
count:                                                         3
mean:                                                       0.51
min:                                                        0.44
max:                                                        0.64
p50:                                                        0.46
p99:                                                        0.64
---------------------- Warm Retrieve (ms) ----------------------
count:                                                         3
mean:                                                       0.81
min:                                                        0.66
max:                                                        1.00
p50:                                                        0.77
p99:                                                        1.00
================================================================
Done.
[W731 01:53:35.478709370 CudaIPCTypes.cpp:16] Producer process has been terminated before all shared CUDA tensors released. See Note [Sharing CUDA tensors]
exit=0 elapsed_seconds=4 end=2026-07-31T01:53:36Z
