[32;20m[2026-07-31 11:46:58,040] LMCache INFO:[0m torch_dev=<module 'torch.cuda' from '/opt/venv/lib/python3.12/site-packages/torch/cuda/__init__.py'>, torch_device_type=cuda [3m(__init__.py:249:lmcache.v1.platform)[0m
[32;20m[2026-07-31 11:46:58,128] LMCache INFO:[0m Using backend: lmcache.c_ops [3m(__init__.py:239:lmcache.v1.platform)[0m
============================= test session starts ==============================
platform linux -- Python 3.12.3, pytest-8.4.1, pluggy-1.6.0 -- /opt/venv/bin/python
cachedir: .pytest_cache
rootdir: /workspace/field-review-tests/worktrees/lmcache-r14-field-4ab7112e
configfile: pytest.ini
plugins: anyio-4.14.2
collecting ... [32;20m[2026-07-31 11:47:00,186] LMCache INFO:[0m multi_layer_block_kv_transfer mode: ptr [3m(base.py:94:lmcache.v1.multiprocess.transfer_context.base)[0m
collected 1 item

tests/v1/multiprocess/test_mq.py::test_mq_register_kv_cache /opt/venv/lib/python3.12/site-packages/torch/cuda/__init__.py:63: FutureWarning: The pynvml package is deprecated. Please install nvidia-ml-py instead. If you did not install pynvml directly, please report this to the maintainers of the package that installed pynvml for you.
  import pynvml  # type: ignore[import]
/opt/venv/lib/python3.12/site-packages/torch/cuda/__init__.py:63: FutureWarning: The pynvml package is deprecated. Please install nvidia-ml-py instead. If you did not install pynvml directly, please report this to the maintainers of the package that installed pynvml for you.
  import pynvml  # type: ignore[import]
[32;20m[2026-07-31 11:47:02,280] LMCache INFO:[0m torch_dev=<module 'torch.cuda' from '/opt/venv/lib/python3.12/site-packages/torch/cuda/__init__.py'>, torch_device_type=cuda [3m(__init__.py:249:lmcache.v1.platform)[0m
[32;20m[2026-07-31 11:47:02,282] LMCache INFO:[0m torch_dev=<module 'torch.cuda' from '/opt/venv/lib/python3.12/site-packages/torch/cuda/__init__.py'>, torch_device_type=cuda [3m(__init__.py:249:lmcache.v1.platform)[0m
[32;20m[2026-07-31 11:47:02,410] LMCache INFO:[0m Using backend: lmcache.c_ops [3m(__init__.py:239:lmcache.v1.platform)[0m
[32;20m[2026-07-31 11:47:02,412] LMCache INFO:[0m Using backend: lmcache.c_ops [3m(__init__.py:239:lmcache.v1.platform)[0m
[32;20m[2026-07-31 11:47:02,559] LMCache INFO:[0m multi_layer_block_kv_transfer mode: ptr [3m(base.py:94:lmcache.v1.multiprocess.transfer_context.base)[0m
[32;20m[2026-07-31 11:47:02,560] LMCache INFO:[0m multi_layer_block_kv_transfer mode: ptr [3m(base.py:94:lmcache.v1.multiprocess.transfer_context.base)[0m
PASSED

=============================== warnings summary ===============================
../../../../opt/venv/lib/python3.12/site-packages/torch/cuda/__init__.py:63
  /opt/venv/lib/python3.12/site-packages/torch/cuda/__init__.py:63: FutureWarning: The pynvml package is deprecated. Please install nvidia-ml-py instead. If you did not install pynvml directly, please report this to the maintainers of the package that installed pynvml for you.
    import pynvml  # type: ignore[import]

../../../../opt/venv/lib/python3.12/site-packages/opentelemetry/sdk/_logs/_internal/__init__.py:580: 122 warnings
  /opt/venv/lib/python3.12/site-packages/opentelemetry/sdk/_logs/_internal/__init__.py:580: DeprecationWarning: `LoggingHandler` in `opentelemetry-sdk` is deprecated. Use the handler from `opentelemetry-instrumentation-logging` instead.
    warnings.warn(

-- Docs: https://docs.pytest.org/en/stable/how-to/capture-warnings.html
======================= 1 passed, 123 warnings in 5.07s ========================
pytest_rc=0
warning_gate=PASS
