head=0056361275815f7b283366d993a9fa8b069ecd8f
=== BEGIN tests/v1/multiprocess/test_mq.py ===

tests/v1/multiprocess/test_mq.py::test_mq_noop_request PASSED            [  2%]
tests/v1/multiprocess/test_mq.py::test_mq_noop_multiple_requests PASSED  [  5%]
tests/v1/multiprocess/test_mq.py::test_mq_noop_multiple_clients PASSED   [  8%]
tests/v1/multiprocess/test_mq.py::test_mq_register_kv_cache PASSED       [ 11%]
tests/v1/multiprocess/test_mq.py::test_mq_unregister_kv_cache PASSED     [ 14%]
tests/v1/multiprocess/test_mq.py::test_mq_unregister_kv_cache_multiple_clients PASSED [ 17%]
tests/v1/multiprocess/test_mq.py::test_mq_store PASSED                   [ 20%]
tests/v1/multiprocess/test_mq.py::test_mq_retrieve PASSED                [ 23%]
tests/v1/multiprocess/test_mq.py::test_mq_lookup PASSED                  [ 26%]
tests/v1/multiprocess/test_mq.py::test_mq_lookup_with_different_key PASSED [ 29%]
tests/v1/multiprocess/test_mq.py::test_mq_report_block_allocation PASSED [ 32%]
tests/v1/multiprocess/test_mq.py::test_mq_report_block_allocation_empty PASSED [ 35%]
tests/v1/multiprocess/test_mq.py::test_shared_loop_lifecycle PASSED      [ 38%]
tests/v1/multiprocess/test_mq.py::test_shared_loop_dispatch PASSED       [ 41%]
tests/v1/multiprocess/test_mq.py::test_full_dead_client_queue_does_not_block_healthy_client PASSED [ 44%]
tests/v1/multiprocess/test_mq.py::test_sent_timeout_stays_pending_until_late_response_is_transport_safe PASSED [ 47%]
tests/v1/multiprocess/test_mq.py::test_timeout_before_send_releases_transport_resources_without_sending PASSED [ 50%]
tests/v1/multiprocess/test_mq.py::test_transport_teardown_releases_timed_out_inflight_cuda_exporter[reset] PASSED [ 52%]
tests/v1/multiprocess/test_mq.py::test_transport_teardown_releases_timed_out_inflight_cuda_exporter[close] PASSED [ 55%]
tests/v1/multiprocess/test_mq.py::test_connection_reset_discards_stale_pending_and_unsent_work PASSED [ 58%]
tests/v1/multiprocess/test_mq.py::test_timed_out_unregister_is_retired_when_loop_recovers PASSED [ 61%]
tests/v1/multiprocess/test_mq.py::test_claimed_register_timeout_rolls_back_on_polling_thread PASSED [ 64%]
tests/v1/multiprocess/test_mq.py::test_release_instance_uses_bounded_join_and_preserves_live_notifier PASSED [ 67%]
tests/v1/multiprocess/test_mq.py::test_client_close_defers_socket_close_after_unregister_timeout PASSED [ 70%]
tests/v1/multiprocess/test_mq.py::test_sync_handler_failure_completes_future_and_loop_recovers PASSED [ 73%]
tests/v1/multiprocess/test_mq.py::test_blocking_handler_failure_completes_future PASSED [ 76%]
tests/v1/multiprocess/test_mq.py::test_shared_loop_recreate PASSED       [ 79%]
tests/v1/multiprocess/test_mq.py::test_add_normal_thread_pool PASSED     [ 82%]
tests/v1/multiprocess/test_mq.py::test_add_affinity_thread_pool PASSED   [ 85%]
tests/v1/multiprocess/test_mq.py::test_normal_pool_error_on_sync_handler PASSED [ 88%]
tests/v1/multiprocess/test_mq.py::test_affinity_pool_error_on_sync_handler PASSED [ 91%]
tests/v1/multiprocess/test_mq.py::test_pool_error_on_unregistered PASSED [ 94%]
tests/v1/multiprocess/test_mq.py::test_multiple_pools PASSED             [ 97%]
tests/v1/multiprocess/test_mq.py::test_start_fails_without_pool_assignment PASSED [100%]

=============================== warnings summary ===============================
../../../../opt/venv/lib/python3.12/site-packages/torch/cuda/__init__.py:63
  /opt/venv/lib/python3.12/site-packages/torch/cuda/__init__.py:63: FutureWarning: The pynvml package is deprecated. Please install nvidia-ml-py instead. If you did not install pynvml directly, please report this to the maintainers of the package that installed pynvml for you.
    import pynvml  # type: ignore[import]

../../../../opt/venv/lib/python3.12/site-packages/opentelemetry/sdk/_logs/_internal/__init__.py:580: 120 warnings
  /opt/venv/lib/python3.12/site-packages/opentelemetry/sdk/_logs/_internal/__init__.py:580: DeprecationWarning: `LoggingHandler` in `opentelemetry-sdk` is deprecated. Use the handler from `opentelemetry-instrumentation-logging` instead.
    warnings.warn(

-- Docs: https://docs.pytest.org/en/stable/how-to/capture-warnings.html
====================== 34 passed, 121 warnings in 42.97s =======================
[W731 08:45:45.557942881 CudaIPCTypes.cpp:16] Producer process has been terminated before all shared CUDA tensors released. See Note [Sharing CUDA tensors]
=== END tests/v1/multiprocess/test_mq.py ===
=== BEGIN tests/v1/multiprocess/test_futures.py ===

tests/v1/multiprocess/test_futures.py::test_messaging_future_basic_usage PASSED [  3%]
tests/v1/multiprocess/test_futures.py::test_messaging_future_with_thread PASSED [  6%]
tests/v1/multiprocess/test_futures.py::test_messaging_future_wait_success PASSED [  9%]
tests/v1/multiprocess/test_futures.py::test_messaging_future_wait_timeout PASSED [ 12%]
tests/v1/multiprocess/test_futures.py::test_messaging_future_result_timeout PASSED [ 16%]
tests/v1/multiprocess/test_futures.py::test_messaging_future_wait_no_timeout PASSED [ 19%]
tests/v1/multiprocess/test_futures.py::test_messaging_future_multiple_result_calls PASSED [ 22%]
tests/v1/multiprocess/test_futures.py::test_messaging_future_complex_type PASSED [ 25%]
tests/v1/multiprocess/test_futures.py::test_messaging_future_exception_is_re_raised PASSED [ 29%]
tests/v1/multiprocess/test_futures.py::test_messaging_future_rejects_non_exception PASSED [ 32%]
tests/v1/multiprocess/test_futures.py::test_cuda_future_retains_exporter_event_until_raw_response PASSED [ 35%]
tests/v1/multiprocess/test_futures.py::test_raw_future_retains_exporter_when_cuda_future_is_abandoned PASSED [ 38%]
tests/v1/multiprocess/test_futures.py::test_timeout_releases_resources_once_and_rejects_late_reply PASSED [ 41%]
tests/v1/multiprocess/test_futures.py::test_first_success_releases_resources_once_and_rejects_late_failure PASSED [ 45%]
tests/v1/multiprocess/test_futures.py::test_completion_timeout_race_has_one_terminal_owner PASSED [ 48%]
tests/v1/multiprocess/test_futures.py::test_cuda_timeout_quarantines_exporter_until_late_transport_reply PASSED [ 51%]
tests/v1/multiprocess/test_futures.py::test_timeout_callback_failure_does_not_replace_terminal_timeout PASSED [ 54%]
tests/v1/multiprocess/test_futures.py::test_repeated_timeout_consumption_publishes_one_observability_event PASSED [ 58%]
tests/v1/multiprocess/test_futures.py::test_cuda_future_materializes_ipc_event_once_for_concurrent_consumers PASSED [ 61%]
tests/v1/multiprocess/test_futures.py::test_cuda_messaging_future_basic_usage PASSED [ 64%]
tests/v1/multiprocess/test_futures.py::test_cuda_messaging_future_with_thread PASSED [ 67%]
tests/v1/multiprocess/test_futures.py::test_cuda_messaging_future_wait_no_timeout PASSED [ 70%]
tests/v1/multiprocess/test_futures.py::test_cuda_messaging_future_wait_with_timeout_success PASSED [ 74%]
tests/v1/multiprocess/test_futures.py::test_cuda_messaging_future_wait_timeout_reached PASSED [ 77%]
tests/v1/multiprocess/test_futures.py::test_cuda_messaging_future_result_with_timeout_success PASSED [ 80%]
tests/v1/multiprocess/test_futures.py::test_cuda_messaging_future_result_timeout_reached PASSED [ 83%]
tests/v1/multiprocess/test_futures.py::test_cuda_messaging_future_multiple_result_calls PASSED [ 87%]
tests/v1/multiprocess/test_futures.py::test_cuda_messaging_future_query_before_and_after PASSED [ 90%]
tests/v1/multiprocess/test_futures.py::test_cuda_messaging_future_complex_type PASSED [ 93%]
tests/v1/multiprocess/test_futures.py::test_messaging_future_to_cuda_future PASSED [ 96%]
tests/v1/multiprocess/test_futures.py::test_cuda_messaging_future_with_explicit_device PASSED [100%]

=============================== warnings summary ===============================
../../../../opt/venv/lib/python3.12/site-packages/torch/cuda/__init__.py:63
  /opt/venv/lib/python3.12/site-packages/torch/cuda/__init__.py:63: FutureWarning: The pynvml package is deprecated. Please install nvidia-ml-py instead. If you did not install pynvml directly, please report this to the maintainers of the package that installed pynvml for you.
    import pynvml  # type: ignore[import]

../../../../opt/venv/lib/python3.12/site-packages/opentelemetry/sdk/_logs/_internal/__init__.py:580: 66 warnings
  /opt/venv/lib/python3.12/site-packages/opentelemetry/sdk/_logs/_internal/__init__.py:580: DeprecationWarning: `LoggingHandler` in `opentelemetry-sdk` is deprecated. Use the handler from `opentelemetry-instrumentation-logging` instead.
    warnings.warn(

-- Docs: https://docs.pytest.org/en/stable/how-to/capture-warnings.html
======================= 31 passed, 67 warnings in 32.98s =======================
=== END tests/v1/multiprocess/test_futures.py ===
=== BEGIN tests/v1/multiprocess/test_engine_driven_transfer.py ===

tests/v1/multiprocess/test_engine_driven_transfer.py::test_wrap_kv_caches_wraps_all_tensors PASSED [  2%]
tests/v1/multiprocess/test_engine_driven_transfer.py::test_create_transfer_context_uses_non_cuda_context_on_cpu PASSED [  4%]
tests/v1/multiprocess/test_engine_driven_transfer.py::test_resolve_extra_config_default_mp_transfer_mode_is_auto PASSED [  6%]
tests/v1/multiprocess/test_engine_driven_transfer.py::test_resolve_extra_config_overrides_mp_transfer_mode PASSED [  9%]
tests/v1/multiprocess/test_engine_driven_transfer.py::test_extra_config_default_lets_env_var_select_mp_transfer_mode PASSED [ 11%]
tests/v1/multiprocess/test_engine_driven_transfer.py::test_create_transfer_context_force_lmcache_driven_mode PASSED [ 13%]
tests/v1/multiprocess/test_engine_driven_transfer.py::test_create_transfer_context_force_engine_driven_mode_on_cpu PASSED [ 16%]
tests/v1/multiprocess/test_engine_driven_transfer.py::test_create_transfer_context_invalid_mode_raises PASSED [ 18%]
tests/v1/multiprocess/test_engine_driven_transfer.py::test_create_transfer_context_handle_mode_unsupported_device_raises PASSED [ 20%]
tests/v1/multiprocess/test_engine_driven_transfer.py::test_musa_data_context_keeps_layout_validation_device_agnostic PASSED [ 23%]
tests/v1/multiprocess/test_engine_driven_transfer.py::test_musa_data_context_store_uses_device_agnostic_gather PASSED [ 25%]
tests/v1/multiprocess/test_engine_driven_transfer.py::test_musa_data_context_retrieve_uses_device_agnostic_scatter PASSED [ 27%]
tests/v1/multiprocess/test_engine_driven_transfer.py::test_lmcache_driven_requests_use_distinct_exporter_owned_events PASSED [ 30%]
tests/v1/multiprocess/test_engine_driven_transfer.py::test_create_transfer_context_env_var_overrides_default PASSED [ 32%]
tests/v1/multiprocess/test_engine_driven_transfer.py::test_compute_kv_layout_and_gather_scatter_roundtrip[nhd] PASSED [ 34%]
tests/v1/multiprocess/test_engine_driven_transfer.py::test_compute_kv_layout_and_gather_scatter_roundtrip[mla] PASSED [ 37%]
tests/v1/multiprocess/test_engine_driven_transfer.py::test_compute_kv_layout_and_gather_scatter_roundtrip[fused_hnd] PASSED [ 39%]
tests/v1/multiprocess/test_engine_driven_transfer.py::test_compute_kv_layout_and_gather_scatter_roundtrip[fused_nhd] PASSED [ 41%]
tests/v1/multiprocess/test_engine_driven_transfer.py::test_gather_scatter_roundtrip_hnd_layout[_make_hnd_kv_caches-NL_X_TWO_NB_NH_BS_HS] PASSED [ 44%]
tests/v1/multiprocess/test_engine_driven_transfer.py::test_gather_scatter_roundtrip_hnd_layout[_make_hnd_flashinfer_kv_caches-NL_X_NB_TWO_NH_BS_HS] PASSED [ 46%]
tests/v1/multiprocess/test_engine_driven_transfer.py::test_compute_kv_layout_empty_raises_value_error PASSED [ 48%]
tests/v1/multiprocess/test_engine_driven_transfer.py::test_scatter_respects_skip_first_n_tokens[nhd-skip-two-blocks] PASSED [ 51%]
tests/v1/multiprocess/test_engine_driven_transfer.py::test_scatter_respects_skip_first_n_tokens[mla-skip-two-blocks] PASSED [ 53%]
tests/v1/multiprocess/test_engine_driven_transfer.py::test_scatter_respects_skip_first_n_tokens[mla-skip-past-chunk] PASSED [ 55%]
tests/v1/multiprocess/test_engine_driven_transfer.py::test_scatter_rounds_down_partial_block_skip_first_n_tokens[hnd] PASSED [ 58%]
tests/v1/multiprocess/test_engine_driven_transfer.py::test_scatter_rounds_down_partial_block_skip_first_n_tokens[mla] PASSED [ 60%]
tests/v1/multiprocess/test_engine_driven_transfer.py::test_engine_context_shm_pool_info[non-lazy] PASSED [ 62%]
tests/v1/multiprocess/test_engine_driven_transfer.py::test_engine_context_shm_pool_info[lazy] PASSED [ 65%]
tests/v1/multiprocess/test_engine_driven_transfer.py::test_server_register_and_find_non_cuda_context_layout PASSED [ 67%]
tests/v1/multiprocess/test_engine_driven_transfer.py::test_server_store_and_retrieve_cpu_chunks PASSED [ 69%]
tests/v1/multiprocess/test_engine_driven_transfer.py::test_server_shm_commit_store_allows_noop_when_all_keys_exist PASSED [ 72%]
tests/v1/multiprocess/test_engine_driven_transfer.py::test_server_prepare_store_releases_unused_reserved_write_locks PASSED [ 74%]
tests/v1/multiprocess/test_engine_driven_transfer.py::test_server_shm_transport_uses_engine_level_config PASSED [ 76%]
tests/v1/multiprocess/test_engine_driven_transfer.py::test_server_engine_driven_reregister_returns_existing_shm_response PASSED [ 79%]
tests/v1/multiprocess/test_engine_driven_transfer.py::test_server_unregister_engine_driven_context_releases_pending_shm_locks PASSED [ 81%]
tests/v1/multiprocess/test_engine_driven_transfer.py::test_gather_paged_kv_with_chunk_indices_subset PASSED [ 83%]
tests/v1/multiprocess/test_engine_driven_transfer.py::test_server_prepare_store_includes_chunk_indices PASSED [ 86%]
tests/v1/multiprocess/test_engine_driven_transfer.py::test_engine_driven_context_shm_tensor_view_from_buffer PASSED [ 88%]
tests/v1/multiprocess/test_engine_driven_transfer.py::test_engine_driven_context_shm_store_retrieve_flow_with_mocked_mq PASSED [ 90%]
tests/v1/multiprocess/test_engine_driven_transfer.py::test_engine_driven_context_shm_init_raises_when_segment_missing PASSED [ 93%]
tests/v1/multiprocess/test_engine_driven_transfer.py::test_create_engine_driven_context_falls_back_to_pickle_without_shm_info PASSED [ 95%]
tests/v1/multiprocess/test_engine_driven_transfer.py::test_create_engine_driven_context_use_pickle_ignores_valid_shm_info PASSED [ 97%]
tests/v1/multiprocess/test_engine_driven_transfer.py::test_engine_driven_context_shm_close_is_idempotent PASSED [100%]

=============================== warnings summary ===============================
../../../../opt/venv/lib/python3.12/site-packages/torch/cuda/__init__.py:63
  /opt/venv/lib/python3.12/site-packages/torch/cuda/__init__.py:63: FutureWarning: The pynvml package is deprecated. Please install nvidia-ml-py instead. If you did not install pynvml directly, please report this to the maintainers of the package that installed pynvml for you.
    import pynvml  # type: ignore[import]

../../../../opt/venv/lib/python3.12/site-packages/opentelemetry/sdk/_logs/_internal/__init__.py:580: 74 warnings
tests/v1/multiprocess/test_engine_driven_transfer.py: 368 warnings
  /opt/venv/lib/python3.12/site-packages/opentelemetry/sdk/_logs/_internal/__init__.py:580: DeprecationWarning: `LoggingHandler` in `opentelemetry-sdk` is deprecated. Use the handler from `opentelemetry-instrumentation-logging` instead.
    warnings.warn(

-- Docs: https://docs.pytest.org/en/stable/how-to/capture-warnings.html
======================= 43 passed, 443 warnings in 2.23s =======================
=== END tests/v1/multiprocess/test_engine_driven_transfer.py ===
=== BEGIN tests/v1/multiprocess/test_lmcache_driven_event_ordering.py ===

tests/v1/multiprocess/test_lmcache_driven_event_ordering.py::test_store_rerecords_worker_owned_event_after_d2h PASSED [ 50%]
tests/v1/multiprocess/test_lmcache_driven_event_ordering.py::test_retrieve_waits_for_worker_fence_before_h2d PASSED [100%]

=============================== warnings summary ===============================
../../../../opt/venv/lib/python3.12/site-packages/torch/cuda/__init__.py:63
  /opt/venv/lib/python3.12/site-packages/torch/cuda/__init__.py:63: FutureWarning: The pynvml package is deprecated. Please install nvidia-ml-py instead. If you did not install pynvml directly, please report this to the maintainers of the package that installed pynvml for you.
    import pynvml  # type: ignore[import]

../../../../opt/venv/lib/python3.12/site-packages/opentelemetry/sdk/_logs/_internal/__init__.py:580: 105 warnings
  /opt/venv/lib/python3.12/site-packages/opentelemetry/sdk/_logs/_internal/__init__.py:580: DeprecationWarning: `LoggingHandler` in `opentelemetry-sdk` is deprecated. Use the handler from `opentelemetry-instrumentation-logging` instead.
    warnings.warn(

-- Docs: https://docs.pytest.org/en/stable/how-to/capture-warnings.html
======================= 2 passed, 106 warnings in 1.77s ========================
=== END tests/v1/multiprocess/test_lmcache_driven_event_ordering.py ===
=== BEGIN tests/v1/test_vllm_mp_adapter.py ===

tests/v1/test_vllm_mp_adapter.py::test_register_kv_caches_updates_kv_caches_and_submits PASSED [  2%]
tests/v1/test_vllm_mp_adapter.py::test_register_kv_caches_raises_connection_error_on_timeout PASSED [  5%]
tests/v1/test_vllm_mp_adapter.py::test_register_kv_caches_cpu_submits_engine_driven_context_registration PASSED [  8%]
tests/v1/test_vllm_mp_adapter.py::test_submit_store_request_tracks_returned_future PASSED [ 11%]
tests/v1/test_vllm_mp_adapter.py::test_chunked_store_keeps_all_futures_and_events PASSED [ 13%]
tests/v1/test_vllm_mp_adapter.py::test_raising_store_query_is_contained_and_releases_event PASSED [ 16%]
tests/v1/test_vllm_mp_adapter.py::test_submit_store_request_expands_block_ids_to_views PASSED [ 19%]
tests/v1/test_vllm_mp_adapter.py::test_submit_retrieve_request_tracks_returned_future PASSED [ 22%]
tests/v1/test_vllm_mp_adapter.py::test_load_store_op_accepts_per_group_block_ids PASSED [ 25%]
tests/v1/test_vllm_mp_adapter.py::test_store_keeps_event_until_future_finishes PASSED [ 27%]
tests/v1/test_vllm_mp_adapter.py::test_retrieve_keeps_event_until_future_finishes PASSED [ 30%]
tests/v1/test_vllm_mp_adapter.py::test_instance_id_is_uuid_derived_63_bit_int PASSED [ 33%]
tests/v1/test_vllm_mp_adapter.py::test_instance_id_logged_at_info_on_construction PASSED [ 36%]
tests/v1/test_vllm_mp_adapter.py::test_heartbeat_lazy_start_wires_callback_before_start PASSED [ 38%]
tests/v1/test_vllm_mp_adapter.py::test_scheduler_heartbeat_starts_from_empty_map_once_per_server PASSED [ 41%]
tests/v1/test_vllm_mp_adapter.py::test_heartbeat_retires_outage_session_then_recovers PASSED [ 44%]
tests/v1/test_vllm_mp_adapter.py::test_heartbeat_first_ping_runs_callback_before_setting_event PASSED [ 47%]
tests/v1/test_vllm_mp_adapter.py::test_dropped_retrieve_reported_once_via_unhealthy_get_finished PASSED [ 50%]
tests/v1/test_vllm_mp_adapter.py::test_dropped_retrieve_reported_once_via_healthy_get_finished PASSED [ 52%]
tests/v1/test_vllm_mp_adapter.py::test_shutdown_stops_heartbeat_before_unregister PASSED [ 55%]
tests/v1/test_vllm_mp_adapter.py::test_shutdown_without_heartbeat_sends_unregister PASSED [ 58%]
tests/v1/test_vllm_mp_adapter.py::test_straggler_cycle_after_stop_skips_callback_and_event PASSED [ 61%]
tests/v1/test_vllm_mp_adapter.py::test_stop_during_blocked_recovery_callback_prevents_health_resurrection PASSED [ 63%]
tests/v1/test_vllm_mp_adapter.py::test_recover_callback_skips_register_after_stop_requested PASSED [ 66%]
tests/v1/test_vllm_mp_adapter.py::test_register_uses_local_context_when_self_transfer_ctx_nulled PASSED [ 69%]
tests/v1/test_vllm_mp_adapter.py::test_startup_warns_when_heartbeat_interval_exceeds_reap_floor PASSED [ 72%]
tests/v1/test_vllm_mp_adapter.py::test_startup_does_not_warn_for_default_heartbeat_interval PASSED [ 75%]
tests/v1/test_vllm_mp_adapter.py::test_recover_callback_replaces_and_closes_previous_transfer_ctx PASSED [ 77%]
tests/v1/test_vllm_mp_adapter.py::test_failed_recovery_closes_candidate_and_preserves_previous_context PASSED [ 80%]
tests/v1/test_vllm_mp_adapter.py::test_shutdown_orders_unregister_after_blocked_recovery_register PASSED [ 83%]
tests/v1/test_vllm_mp_adapter.py::test_shutdown_closes_all_local_resources_when_unregister_raises[unregister_error0] PASSED [ 86%]
tests/v1/test_vllm_mp_adapter.py::test_shutdown_closes_all_local_resources_when_unregister_raises[unregister_error1] PASSED [ 88%]
tests/v1/test_vllm_mp_adapter.py::test_failed_retrieve_marks_blocks_invalid PASSED [ 91%]
tests/v1/test_vllm_mp_adapter.py::test_raising_retrieve_future_contained_as_failure PASSED [ 94%]
tests/v1/test_vllm_mp_adapter.py::test_raising_retrieve_query_contained_as_failure PASSED [ 97%]
tests/v1/test_vllm_mp_adapter.py::test_successful_retrieve_marks_no_blocks_invalid PASSED [100%]

=============================== warnings summary ===============================
../../../../opt/venv/lib/python3.12/site-packages/torch/cuda/__init__.py:63
  /opt/venv/lib/python3.12/site-packages/torch/cuda/__init__.py:63: FutureWarning: The pynvml package is deprecated. Please install nvidia-ml-py instead. If you did not install pynvml directly, please report this to the maintainers of the package that installed pynvml for you.
    import pynvml  # type: ignore[import]

../../../../opt/venv/lib/python3.12/site-packages/opentelemetry/sdk/_logs/_internal/__init__.py:580: 75 warnings
  /opt/venv/lib/python3.12/site-packages/opentelemetry/sdk/_logs/_internal/__init__.py:580: DeprecationWarning: `LoggingHandler` in `opentelemetry-sdk` is deprecated. Use the handler from `opentelemetry-instrumentation-logging` instead.
    warnings.warn(

-- Docs: https://docs.pytest.org/en/stable/how-to/capture-warnings.html
======================= 36 passed, 76 warnings in 4.09s ========================
=== END tests/v1/test_vllm_mp_adapter.py ===
=== BEGIN tests/cli/commands/bench/test_server_bench.py::TestHandleTransferEvents ===

tests/cli/commands/bench/test_server_bench.py::TestHandleTransferEvents::test_worker_event_lives_through_response_and_is_synchronized[_send_store-RequestType.STORE] PASSED [ 50%]
tests/cli/commands/bench/test_server_bench.py::TestHandleTransferEvents::test_worker_event_lives_through_response_and_is_synchronized[_send_retrieve-RequestType.RETRIEVE] PASSED [100%]

=============================== warnings summary ===============================
../../../../opt/venv/lib/python3.12/site-packages/torch/cuda/__init__.py:63
  /opt/venv/lib/python3.12/site-packages/torch/cuda/__init__.py:63: FutureWarning: The pynvml package is deprecated. Please install nvidia-ml-py instead. If you did not install pynvml directly, please report this to the maintainers of the package that installed pynvml for you.
    import pynvml  # type: ignore[import]

../../../../opt/venv/lib/python3.12/site-packages/opentelemetry/sdk/_logs/_internal/__init__.py:580: 80 warnings
  /opt/venv/lib/python3.12/site-packages/opentelemetry/sdk/_logs/_internal/__init__.py:580: DeprecationWarning: `LoggingHandler` in `opentelemetry-sdk` is deprecated. Use the handler from `opentelemetry-instrumentation-logging` instead.
    warnings.warn(

-- Docs: https://docs.pytest.org/en/stable/how-to/capture-warnings.html
======================== 2 passed, 81 warnings in 1.73s ========================
=== END tests/cli/commands/bench/test_server_bench.py::TestHandleTransferEvents ===
