/opt/venv/lib/python3.12/site-packages/torch/cuda/__init__.py:63: FutureWarning: The pynvml package is deprecated. Please install nvidia-ml-py instead. If you did not install pynvml directly, please report this to the maintainers of the package that installed pynvml for you.
  import pynvml  # type: ignore[import]
[32;20m[2026-07-31 11:54:21,155] LMCache INFO:[0m torch_dev=<module 'torch.cuda' from '/opt/venv/lib/python3.12/site-packages/torch/cuda/__init__.py'>, torch_device_type=cuda [3m(__init__.py:249:lmcache.v1.platform)[0m
[32;20m[2026-07-31 11:54:21,284] LMCache INFO:[0m Using backend: lmcache.c_ops [3m(__init__.py:239:lmcache.v1.platform)[0m
[32;20m[2026-07-31 11:54:21,792] LMCache INFO:[0m multi_layer_block_kv_transfer mode: ptr [3m(base.py:94:lmcache.v1.multiprocess.transfer_context.base)[0m
Connecting to LMCache MP Server at tcp://127.0.0.1:15559 (mode=gpu) ...
Server chunk_size = 256
Resolved KV shape spec: (2,1024,16,8,128):float16:32
Each request: 513 tokens (2 full chunks)
KV shape: 32 layers, 8 heads x 128, dtype=float16, blocks=1024x16, kv=2
Allocated 32 GPU tensors on cuda:0
REGISTER_KV_CACHE: OK

=== Request seq=0 ===
  [seq 0/cold] LOOKUP: 0/2 chunks hit (1.3 ms)
  [seq 0/cold] STORE: stored (512 tokens, 4.3 ms)
  [seq 0/cold] CHECKSUM: efda1bcc1c7489a0 (2 chunks)
  [seq 0/warm] LOOKUP: 2/2 chunks hit (1.3 ms)
  [seq 0/warm] RETRIEVE: retrieved (512 tokens, 2.6 ms)
  [seq 0/warm] CHECKSUM: efda1bcc1c7489a0 (2 chunks)
  [seq 0] CHECKSUM MATCH OK

=== Request seq=1 ===
  [seq 1/cold] LOOKUP: 0/2 chunks hit (0.8 ms)
  [seq 1/cold] STORE: stored (512 tokens, 2.1 ms)
  [seq 1/cold] CHECKSUM: d559767dc5fd67f2 (2 chunks)
  [seq 1/warm] LOOKUP: 2/2 chunks hit (1.0 ms)
  [seq 1/warm] RETRIEVE: retrieved (512 tokens, 2.5 ms)
  [seq 1/warm] CHECKSUM: d559767dc5fd67f2 (2 chunks)
  [seq 1] CHECKSUM MATCH OK

=== Request seq=2 ===
  [seq 2/cold] LOOKUP: 0/2 chunks hit (0.8 ms)
  [seq 2/cold] STORE: stored (512 tokens, 2.2 ms)
  [seq 2/cold] CHECKSUM: c41280d166c9edc8 (2 chunks)
  [seq 2/warm] LOOKUP: 2/2 chunks hit (1.0 ms)
  [seq 2/warm] RETRIEVE: retrieved (512 tokens, 2.5 ms)
  [seq 2/warm] CHECKSUM: c41280d166c9edc8 (2 chunks)
  [seq 2] CHECKSUM MATCH OK

UNREGISTER_KV_CACHE: OK
===================== Server Bench Result ======================
------------------------ Configuration -------------------------
RPC URL:                                   tcp://127.0.0.1:15559
Mode:                                                        gpu
Transfer mode:                                    lmcache_driven
Tokens / request:                                            512
Interval (s):                                               0.10
--------------------------- Results ----------------------------
Total requests:                                                3
Checksum OK:                                                   3
Checksum FAIL:                                                 0
Pass rate (%):                                            100.00
----------------------- Cold Lookup (ms) -----------------------
count:                                                         3
mean:                                                       0.96
min:                                                        0.79
max:                                                        1.30
p50:                                                        0.81
p99:                                                        1.30
----------------------- Cold Store (ms) ------------------------
count:                                                         3
mean:                                                       2.86
min:                                                        2.15
max:                                                        4.27
p50:                                                        2.17
p99:                                                        4.27
----------------------- Warm Lookup (ms) -----------------------
count:                                                         3
mean:                                                       1.08
min:                                                        0.96
max:                                                        1.30
p50:                                                        0.99
p99:                                                        1.30
---------------------- Warm Retrieve (ms) ----------------------
count:                                                         3
mean:                                                       2.52
min:                                                        2.45
max:                                                        2.62
p50:                                                        2.47
p99:                                                        2.62
================================================================
Done.
bench_rc=0
warning_count=0
0
combined_warning_count=0
