.FF                                                                      [100%]
=================================== FAILURES ===================================
____ test_w4a16_beats_nvfp4_against_true_fp32_oracle_for_odd_shapes[relu2] _____

activation = 'relu2'

    @pytest.mark.skipif(not torch.cuda.is_available(), reason="requires CUDA")
    @pytest.mark.parametrize("activation", ["relu2", "silu"])
    def test_w4a16_beats_nvfp4_against_true_fp32_oracle_for_odd_shapes(
        activation: str,
    ) -> None:
        experts, hidden_size, intermediate_size = 8, 128, 128
        cases = [
            (1, 3, 2, torch.int32, 0.50),
            (5, 7, 3, torch.int64, 0.75),
        ]
        for batch_size, seq_len, topk, ids_dtype, input_scale in cases:
            m = batch_size * seq_len
            torch.manual_seed(
                20260525
                + m * 31
                + topk
                + (1000 if activation == "silu" else 0)
            )
            rows = intermediate_size * (2 if activation == "silu" else 1)
            w13_dense = (
                torch.randn(experts, rows, hidden_size, device="cuda")
                * (0.18 if activation == "silu" else 0.08)
            )
            w2_dense = (
                torch.randn(experts, hidden_size, intermediate_size, device="cuda")
                * (0.18 if activation == "silu" else 0.08)
            )
            w13_global_scale = torch.ones(experts, dtype=torch.float32, device="cuda")
            w2_global_scale = torch.ones(experts, dtype=torch.float32, device="cuda")
            w13, w13_blockscale = _quantize_dense_moe_weight_storage(
                w13_dense,
                w13_global_scale,
            )
            w2, w2_blockscale = _quantize_dense_moe_weight_storage(
                w2_dense,
                w2_global_scale,
            )

            x = (torch.randn(m, hidden_size, device="cuda") * input_scale).to(
                torch.bfloat16
            )
            topk_ids = torch.randint(
                0,
                experts,
                (m, topk),
                device="cuda",
                dtype=ids_dtype,
            )
            topk_weights = torch.softmax(torch.randn(m, topk, device="cuda"), dim=-1)
            a_gscale = torch.ones(experts, dtype=torch.float32, device="cuda")
            nvfp4_experts = prepare_tp_moe_fp4_experts(
                a=x,
                a1_gscale=a_gscale,
                w1_fp4=w13,
                w1_blockscale=w13_blockscale,
                w1_alphas=w13_global_scale,
                a2_gscale=a_gscale,
                w2_fp4=w2,
                w2_blockscale=w2_blockscale,
                w2_alphas=w2_global_scale,
                activation=activation,
                quant_mode="nvfp4",
            )

            nvfp4 = run_tp_moe_fp4(
                a=x,
                experts=nvfp4_experts,
                topk_weights=topk_weights,
                topk_ids=topk_ids,
                quant_mode="nvfp4",
            )
            w4a16_experts = prepare_tp_moe_fp4_experts(
                a=x,
                a1_gscale=a_gscale,
                w1_fp4=w13,
                w1_blockscale=w13_blockscale,
                w1_alphas=w13_global_scale,
                a2_gscale=a_gscale,
                w2_fp4=w2,
                w2_blockscale=w2_blockscale,
                w2_alphas=w2_global_scale,
                activation=activation,
                quant_mode="w4a16",
            )
            w4a16 = run_tp_moe_fp4(
                a=x,
                experts=w4a16_experts,
                topk_weights=topk_weights,
                topk_ids=topk_ids,
                quant_mode="w4a16",
            )
            nvfp4_reference = moe_reference_nvfp4(
                x,
                w13,
                w13_blockscale,
                w13_global_scale,
                w2,
                w2_blockscale,
                w2_global_scale,
                a_gscale,
                a_gscale,
                topk_ids,
                topk_weights,
                experts,
                hidden_size,
                intermediate_size,
                activation=activation,
            )
            true_fp32 = moe_reference_w4a16_f32(
                x,
                w13,
                w13_blockscale,
                w13_global_scale,
                w2,
                w2_blockscale,
                w2_global_scale,
                topk_ids,
                topk_weights,
                experts,
                hidden_size,
                intermediate_size,
                activation=activation,
            )
            torch.cuda.synchronize()

            nvfp4_reference_metrics = compare_to_reference(nvfp4, nvfp4_reference)
            nvfp4_true_metrics = compare_to_reference(nvfp4, true_fp32)
            w4a16_true_metrics = compare_to_reference(w4a16, true_fp32)
            assert nvfp4_reference_metrics.cos > 0.98, nvfp4_reference_metrics
>           assert w4a16_true_metrics.cos > 0.999, w4a16_true_metrics
E           AssertionError: OracleMetrics(max_abs=nan, rmse=nan, mean_abs=nan, cos=0.33333247900009155)
E           assert 0.33333247900009155 > 0.999
E            +  where 0.33333247900009155 = OracleMetrics(max_abs=nan, rmse=nan, mean_abs=nan, cos=0.33333247900009155).cos

tests/moe/test_w4a16_e2e.py:870: AssertionError
_____ test_w4a16_beats_nvfp4_against_true_fp32_oracle_for_odd_shapes[silu] _____

activation = 'silu'

    @pytest.mark.skipif(not torch.cuda.is_available(), reason="requires CUDA")
    @pytest.mark.parametrize("activation", ["relu2", "silu"])
    def test_w4a16_beats_nvfp4_against_true_fp32_oracle_for_odd_shapes(
        activation: str,
    ) -> None:
        experts, hidden_size, intermediate_size = 8, 128, 128
        cases = [
            (1, 3, 2, torch.int32, 0.50),
            (5, 7, 3, torch.int64, 0.75),
        ]
        for batch_size, seq_len, topk, ids_dtype, input_scale in cases:
            m = batch_size * seq_len
            torch.manual_seed(
                20260525
                + m * 31
                + topk
                + (1000 if activation == "silu" else 0)
            )
            rows = intermediate_size * (2 if activation == "silu" else 1)
            w13_dense = (
                torch.randn(experts, rows, hidden_size, device="cuda")
                * (0.18 if activation == "silu" else 0.08)
            )
            w2_dense = (
                torch.randn(experts, hidden_size, intermediate_size, device="cuda")
                * (0.18 if activation == "silu" else 0.08)
            )
            w13_global_scale = torch.ones(experts, dtype=torch.float32, device="cuda")
            w2_global_scale = torch.ones(experts, dtype=torch.float32, device="cuda")
            w13, w13_blockscale = _quantize_dense_moe_weight_storage(
                w13_dense,
                w13_global_scale,
            )
            w2, w2_blockscale = _quantize_dense_moe_weight_storage(
                w2_dense,
                w2_global_scale,
            )

            x = (torch.randn(m, hidden_size, device="cuda") * input_scale).to(
                torch.bfloat16
            )
            topk_ids = torch.randint(
                0,
                experts,
                (m, topk),
                device="cuda",
                dtype=ids_dtype,
            )
            topk_weights = torch.softmax(torch.randn(m, topk, device="cuda"), dim=-1)
            a_gscale = torch.ones(experts, dtype=torch.float32, device="cuda")
            nvfp4_experts = prepare_tp_moe_fp4_experts(
                a=x,
                a1_gscale=a_gscale,
                w1_fp4=w13,
                w1_blockscale=w13_blockscale,
                w1_alphas=w13_global_scale,
                a2_gscale=a_gscale,
                w2_fp4=w2,
                w2_blockscale=w2_blockscale,
                w2_alphas=w2_global_scale,
                activation=activation,
                quant_mode="nvfp4",
            )

            nvfp4 = run_tp_moe_fp4(
                a=x,
                experts=nvfp4_experts,
                topk_weights=topk_weights,
                topk_ids=topk_ids,
                quant_mode="nvfp4",
            )
            w4a16_experts = prepare_tp_moe_fp4_experts(
                a=x,
                a1_gscale=a_gscale,
                w1_fp4=w13,
                w1_blockscale=w13_blockscale,
                w1_alphas=w13_global_scale,
                a2_gscale=a_gscale,
                w2_fp4=w2,
                w2_blockscale=w2_blockscale,
                w2_alphas=w2_global_scale,
                activation=activation,
                quant_mode="w4a16",
            )
            w4a16 = run_tp_moe_fp4(
                a=x,
                experts=w4a16_experts,
                topk_weights=topk_weights,
                topk_ids=topk_ids,
                quant_mode="w4a16",
            )
            nvfp4_reference = moe_reference_nvfp4(
                x,
                w13,
                w13_blockscale,
                w13_global_scale,
                w2,
                w2_blockscale,
                w2_global_scale,
                a_gscale,
                a_gscale,
                topk_ids,
                topk_weights,
                experts,
                hidden_size,
                intermediate_size,
                activation=activation,
            )
            true_fp32 = moe_reference_w4a16_f32(
                x,
                w13,
                w13_blockscale,
                w13_global_scale,
                w2,
                w2_blockscale,
                w2_global_scale,
                topk_ids,
                topk_weights,
                experts,
                hidden_size,
                intermediate_size,
                activation=activation,
            )
            torch.cuda.synchronize()

            nvfp4_reference_metrics = compare_to_reference(nvfp4, nvfp4_reference)
            nvfp4_true_metrics = compare_to_reference(nvfp4, true_fp32)
            w4a16_true_metrics = compare_to_reference(w4a16, true_fp32)
            assert nvfp4_reference_metrics.cos > 0.98, nvfp4_reference_metrics
>           assert w4a16_true_metrics.cos > 0.999, w4a16_true_metrics
E           AssertionError: OracleMetrics(max_abs=nan, rmse=nan, mean_abs=nan, cos=0.0)
E           assert 0.0 > 0.999
E            +  where 0.0 = OracleMetrics(max_abs=nan, rmse=nan, mean_abs=nan, cos=0.0).cos

tests/moe/test_w4a16_e2e.py:870: AssertionError
=============================== warnings summary ===============================
../../../../opt/venv/lib/python3.12/site-packages/torch/cuda/__init__.py:63
  /opt/venv/lib/python3.12/site-packages/torch/cuda/__init__.py:63: FutureWarning: The pynvml package is deprecated. Please install nvidia-ml-py instead. If you did not install pynvml directly, please report this to the maintainers of the package that installed pynvml for you.
    import pynvml  # type: ignore[import]

-- Docs: https://docs.pytest.org/en/stable/how-to/capture-warnings.html
=========================== short test summary info ============================
FAILED tests/moe/test_w4a16_e2e.py::test_w4a16_beats_nvfp4_against_true_fp32_oracle_for_odd_shapes[relu2]
FAILED tests/moe/test_w4a16_e2e.py::test_w4a16_beats_nvfp4_against_true_fp32_oracle_for_odd_shapes[silu]
2 failed, 1 passed, 1 warning in 9.28s
sparkinfer-pr100 exit=1
