.F.                                                                      [100%]
=================================== FAILURES ===================================
_______ test_pcie_dcp_a2a_rejects_reduced_sm_slice_before_ipc_allocation _______

    def test_pcie_dcp_a2a_rejects_reduced_sm_slice_before_ipc_allocation():
        if os.getenv("SPARKINFER_PCIE_DCP_TEST_EXPECT_RESIDENCY_REJECTION") != "1":
            pytest.skip("set the reduced-SM residency rejection gate to run this test")
        if not torch.cuda.is_available():
            pytest.skip("CUDA is unavailable")
        world_size = int(os.getenv("SPARKINFER_PCIE_DCP_A2A_WORLD_SIZE", "2"))
        if world_size not in (2, 4, 8):
            pytest.skip("PCIe DCP A2A supports world sizes 2, 4, and 8")
        if torch.cuda.device_count() < world_size:
            pytest.skip(
                f"need {world_size} CUDA devices, found {torch.cuda.device_count()}"
            )
>       mp.spawn(
            _residency_rejection_worker,
            args=(world_size, _free_port()),
            nprocs=world_size,
            join=True,
        )

tests/comm/test_pcie_dcp_a2a_gpu.py:649: 
_ _ _ _ _ _ _ _ _ _ _ _ _ _ _ _ _ _ _ _ _ _ _ _ _ _ _ _ _ _ _ _ _ _ _ _ _ _ _ _ 
/opt/venv/lib/python3.12/site-packages/torch/multiprocessing/spawn.py:340: in spawn
    return start_processes(fn, args, nprocs, join, daemon, start_method="spawn")
           ^^^^^^^^^^^^^^^^^^^^^^^^^^^^^^^^^^^^^^^^^^^^^^^^^^^^^^^^^^^^^^^^^^^^^
/opt/venv/lib/python3.12/site-packages/torch/multiprocessing/spawn.py:296: in start_processes
    while not context.join():
              ^^^^^^^^^^^^^^
_ _ _ _ _ _ _ _ _ _ _ _ _ _ _ _ _ _ _ _ _ _ _ _ _ _ _ _ _ _ _ _ _ _ _ _ _ _ _ _ 

self = <torch.multiprocessing.spawn.ProcessContext object at 0x7e5e63cc1700>
timeout = None, grace_period = None

    def join(self, timeout: float | None = None, grace_period: float | None = None):
        r"""Join one or more processes within spawn context.
    
        Attempt to join one or more processes in this spawn context.
        If one of them exited with a non-zero exit status, this function
        kills the remaining processes (optionally with a grace period)
        and raises an exception with the cause of the first process exiting.
    
        Returns ``True`` if all processes have been joined successfully,
        ``False`` if there are more processes that need to be joined.
    
        Args:
            timeout (float): Wait this long (in seconds) before giving up on waiting.
            grace_period (float): When any processes fail, wait this long (in seconds)
                for others to shutdown gracefully before terminating them. If they
                still don't exit, wait another grace period before killing them.
        """
        # Ensure this function can be called even when we're done.
        if len(self.sentinels) == 0:
            return True
    
        # Wait for any process to fail or all of them to succeed.
        ready = multiprocessing.connection.wait(
            self.sentinels.keys(),
            timeout=timeout,
        )
    
        error_index = None
        for sentinel in ready:
            index = self.sentinels.pop(sentinel)
            process = self.processes[index]
            process.join()
            if process.exitcode != 0:
                error_index = index
                break
    
        # Return if there was no error.
        if error_index is None:
            # Return whether or not all processes have been joined.
            return len(self.sentinels) == 0
        # An error occurred. Clean-up all processes before returning.
        # First, allow a grace period for processes to shutdown themselves.
        if grace_period is not None:
            self._join_procs_with_timeout(grace_period)
        # Then, terminate processes that are still alive. Try SIGTERM first.
        for process in self.processes:
            if process.is_alive():
                log.warning("Terminating process %s via signal SIGTERM", process.pid)
                process.terminate()
    
        # Try SIGKILL if the process isn't going down after another grace_period.
        # The reason is related to python signal handling is limited
        # to main thread and if that is in c/c++ land and stuck it won't
        # to handle it. We have seen processes getting stuck not handling
        # SIGTERM for the above reason.
        self._join_procs_with_timeout(30 if grace_period is None else grace_period)
        for process in self.processes:
            if process.is_alive():
                log.warning(
                    "Unable to shutdown process %s via SIGTERM , forcefully exiting via SIGKILL",
                    process.pid,
                )
                process.kill()
            process.join()
    
        # The file will only be created if the process crashed.
        failed_process = self.processes[error_index]
        if not os.access(self.error_files[error_index], os.R_OK):
            exitcode = self.processes[error_index].exitcode
            if exitcode < 0:
                try:
                    name = signal.Signals(-exitcode).name
                except ValueError:
                    name = f"<Unknown signal {-exitcode}>"
                raise ProcessExitedException(
                    f"process {error_index:d} terminated with signal {name}",
                    error_index=error_index,
                    error_pid=failed_process.pid,
                    exit_code=exitcode,
                    signal_name=name,
                )
            else:
                raise ProcessExitedException(
                    f"process {error_index:d} terminated with exit code {exitcode:d}",
                    error_index=error_index,
                    error_pid=failed_process.pid,
                    exit_code=exitcode,
                )
    
        with open(self.error_files[error_index], "rb") as fh:
            original_trace = pickle.load(fh)
        msg = f"\n\n-- Process {error_index:d} terminated with the following error:\n"
        msg += original_trace
>       raise ProcessRaisedException(msg, error_index, failed_process.pid)
E       torch.multiprocessing.spawn.ProcessRaisedException: 
E       
E       -- Process 2 terminated with the following error:
E       Traceback (most recent call last):
E         File "/workspace/field-review-tests/worktrees/sparkinfer-successor-31fa6a4/sparkinfer/comm/pcie/pcie_oneshot.py", line 607, in _run_collective_preallocation_setup
E           result = setup()
E                    ^^^^^^^
E         File "/workspace/field-review-tests/worktrees/sparkinfer-successor-31fa6a4/sparkinfer/comm/pcie/pcie_dcp_a2a.py", line 516, in prepare
E           prepared_ipc = CudaRTLibrary()
E                          ^^^^^^^^^^^^^^^
E         File "/workspace/field-review-tests/worktrees/sparkinfer-successor-31fa6a4/tests/comm/test_pcie_dcp_a2a_gpu.py", line 552, in unexpected_cuda_rt
E           raise AssertionError("CUDA IPC allocation started before residency rejection")
E       AssertionError: CUDA IPC allocation started before residency rejection
E       
E       The above exception was the direct cause of the following exception:
E       
E       Traceback (most recent call last):
E         File "/workspace/field-review-tests/worktrees/sparkinfer-successor-31fa6a4/tests/comm/test_pcie_dcp_a2a_gpu.py", line 557, in _residency_rejection_worker
E           PCIeDCPA2A.from_process_group(
E         File "/workspace/field-review-tests/worktrees/sparkinfer-successor-31fa6a4/sparkinfer/comm/pcie/pcie_dcp_a2a.py", line 605, in from_process_group
E           return cls.from_exchange_group(
E                  ^^^^^^^^^^^^^^^^^^^^^^^^
E         File "/workspace/field-review-tests/worktrees/sparkinfer-successor-31fa6a4/sparkinfer/comm/pcie/pcie_dcp_a2a.py", line 529, in from_exchange_group
E           ipc, ext, layout = _run_collective_preallocation_setup(
E                              ^^^^^^^^^^^^^^^^^^^^^^^^^^^^^^^^^^^^
E         File "/workspace/field-review-tests/worktrees/sparkinfer-successor-31fa6a4/sparkinfer/comm/pcie/pcie_oneshot.py", line 618, in _run_collective_preallocation_setup
E           raise RuntimeError(
E       RuntimeError: PCIe DCP A2A pre-allocation setup failed: group rank 0: AssertionError: CUDA IPC allocation started before residency rejection; group rank 1: AssertionError: CUDA IPC allocation started before residency rejection; group rank 2: AssertionError: CUDA IPC allocation started before residency rejection; group rank 3: AssertionError: CUDA IPC allocation started before residency rejection
E       
E       During handling of the above exception, another exception occurred:
E       
E       Traceback (most recent call last):
E         File "/opt/venv/lib/python3.12/site-packages/torch/multiprocessing/spawn.py", line 87, in _wrap
E           fn(i, *args)
E         File "/workspace/field-review-tests/worktrees/sparkinfer-successor-31fa6a4/tests/comm/test_pcie_dcp_a2a_gpu.py", line 556, in _residency_rejection_worker
E           with pytest.raises(RuntimeError, match="requires at least 64 visible SMs"):
E         File "/opt/venv/lib/python3.12/site-packages/_pytest/raises.py", line 721, in __exit__
E           raise AssertionError(self._fail_reason)
E       AssertionError: Regex pattern did not match.
E        Regex: 'requires at least 64 visible SMs'
E        Input: 'PCIe DCP A2A pre-allocation setup failed: group rank 0: AssertionError: CUDA IPC allocation started before residency rejection; group rank 1: AssertionError: CUDA IPC allocation started before residency rejection; group rank 2: AssertionError: CUDA IPC allocation started before residency rejection; group rank 3: AssertionError: CUDA IPC allocation started before residency rejection'

/opt/venv/lib/python3.12/site-packages/torch/multiprocessing/spawn.py:211: ProcessRaisedException
----------------------------- Captured stderr call -----------------------------
/opt/venv/lib/python3.12/site-packages/torch/cuda/__init__.py:63: FutureWarning: The pynvml package is deprecated. Please install nvidia-ml-py instead. If you did not install pynvml directly, please report this to the maintainers of the package that installed pynvml for you.
  import pynvml  # type: ignore[import]
/opt/venv/lib/python3.12/site-packages/torch/cuda/__init__.py:63: FutureWarning: The pynvml package is deprecated. Please install nvidia-ml-py instead. If you did not install pynvml directly, please report this to the maintainers of the package that installed pynvml for you.
  import pynvml  # type: ignore[import]
/opt/venv/lib/python3.12/site-packages/torch/cuda/__init__.py:63: FutureWarning: The pynvml package is deprecated. Please install nvidia-ml-py instead. If you did not install pynvml directly, please report this to the maintainers of the package that installed pynvml for you.
  import pynvml  # type: ignore[import]
/opt/venv/lib/python3.12/site-packages/torch/cuda/__init__.py:63: FutureWarning: The pynvml package is deprecated. Please install nvidia-ml-py instead. If you did not install pynvml directly, please report this to the maintainers of the package that installed pynvml for you.
  import pynvml  # type: ignore[import]
W0731 13:30:00.135000 269893 torch/multiprocessing/spawn.py:165] Terminating process 270112 via signal SIGTERM
W0731 13:30:00.136000 269893 torch/multiprocessing/spawn.py:165] Terminating process 270113 via signal SIGTERM
W0731 13:30:00.136000 269893 torch/multiprocessing/spawn.py:165] Terminating process 270115 via signal SIGTERM
=============================== warnings summary ===============================
../../../../opt/venv/lib/python3.12/site-packages/torch/cuda/__init__.py:63
  /opt/venv/lib/python3.12/site-packages/torch/cuda/__init__.py:63: FutureWarning: The pynvml package is deprecated. Please install nvidia-ml-py instead. If you did not install pynvml directly, please report this to the maintainers of the package that installed pynvml for you.
    import pynvml  # type: ignore[import]

-- Docs: https://docs.pytest.org/en/stable/how-to/capture-warnings.html
=========================== short test summary info ============================
FAILED tests/comm/test_pcie_dcp_a2a_gpu.py::test_pcie_dcp_a2a_rejects_reduced_sm_slice_before_ipc_allocation
1 failed, 2 passed, 1 warning in 11.47s
