target=sparkinfer-100
started_utc=2026-07-31T01:16:16Z
+ eval 'cd "$root/worktrees/sparkinfer-pr100" && env CUDA_VISIBLE_DEVICES= PYTHONPATH="$PWD" /opt/venv/bin/python -m pytest -q tests/moe/test_fused_moe_planning.py tests/moe/test_fused_moe_trellis.py tests/moe/test_fused_moe.py tests/moe/test_ep_moe_api.py tests/moe/test_w4a16_route_pack.py && files=$(git diff --name-only 06032ce74afba49a683d01339ed2c971568cec3f..HEAD -- "*.py") && /opt/venv/bin/ruff check $files'
++ cd /workspace/field-review-tests/worktrees/sparkinfer-pr100
++ env CUDA_VISIBLE_DEVICES= PYTHONPATH=/workspace/field-review-tests/worktrees/sparkinfer-pr100 /opt/venv/bin/python -m pytest -q tests/moe/test_fused_moe_planning.py tests/moe/test_fused_moe_trellis.py tests/moe/test_fused_moe.py tests/moe/test_ep_moe_api.py tests/moe/test_w4a16_route_pack.py
.................sssssssssssssss.........ss......sssssssssssssssssssssss [ 64%]
ssssssssssssssssssssssssssssssssssssssss                                 [100%]
=============================== warnings summary ===============================
../../../../opt/venv/lib/python3.12/site-packages/torch/cuda/__init__.py:63
  /opt/venv/lib/python3.12/site-packages/torch/cuda/__init__.py:63: FutureWarning: The pynvml package is deprecated. Please install nvidia-ml-py instead. If you did not install pynvml directly, please report this to the maintainers of the package that installed pynvml for you.
    import pynvml  # type: ignore[import]

-- Docs: https://docs.pytest.org/en/stable/how-to/capture-warnings.html
32 passed, 80 skipped, 1 warning in 3.92s
+++ git diff --name-only 06032ce74afba49a683d01339ed2c971568cec3f..HEAD -- '*.py'
++ files='sparkinfer/moe/_shared/kernels/w4a16/host.py
sparkinfer/moe/ep_moe/_impl.py
sparkinfer/moe/fused_moe/__init__.py
sparkinfer/moe/fused_moe/_impl.py
sparkinfer/moe/fused_moe/api.py
tests/moe/test_ep_moe_api.py
tests/moe/test_fused_moe_planning.py
tests/moe/test_w4a16_route_pack.py'
++ /opt/venv/bin/ruff check sparkinfer/moe/_shared/kernels/w4a16/host.py sparkinfer/moe/ep_moe/_impl.py sparkinfer/moe/fused_moe/__init__.py sparkinfer/moe/fused_moe/_impl.py sparkinfer/moe/fused_moe/api.py tests/moe/test_ep_moe_api.py tests/moe/test_fused_moe_planning.py tests/moe/test_w4a16_route_pack.py
All checks passed!
+ rc=0
+ set +x
exit_code=0
elapsed_s=5
finished_utc=2026-07-31T01:16:21Z
