============================= test session starts ==============================
platform linux -- Python 3.12.3, pytest-8.4.1, pluggy-1.6.0 -- /opt/venv/bin/python
cachedir: .pytest_cache
rootdir: /workspace/field-review-tests/worktrees/sparkinfer-w4a16-pr100-final
configfile: pyproject.toml
plugins: anyio-4.14.2
collecting ... collected 116 items

tests/moe/test_fused_moe_planning.py::test_required_nbytes_avoids_launch_prewarm PASSED [  0%]
tests/moe/test_fused_moe_planning.py::test_required_nbytes_matches_scratch_plan PASSED [  1%]
tests/moe/test_fused_moe_planning.py::test_small_packed_plan_covers_direct_topk_scratch PASSED [  2%]
tests/moe/test_fused_moe_planning.py::test_non_trellis_core_sizes_routes_for_weight_experts PASSED [  3%]
tests/moe/test_fused_moe_planning.py::test_unpinned_small_capacity_matches_reachable_block_8 PASSED [  4%]
tests/moe/test_fused_moe_trellis.py::test_fused_moe_metadata_advertises_trellis_input_dtypes PASSED [  5%]
tests/moe/test_fused_moe_trellis.py::test_rotation_placeholder_must_be_materialized_before_capture PASSED [  6%]
tests/moe/test_fused_moe_trellis.py::test_dense_scratch_cannot_allocate_during_capture PASSED [  6%]
tests/moe/test_fused_moe_trellis.py::test_caps_preserve_exact_block_m_and_input_dtypes PASSED [  7%]
tests/moe/test_fused_moe_trellis.py::test_caps_reject_unsupported_block_m[0] PASSED [  8%]
tests/moe/test_fused_moe_trellis.py::test_caps_reject_unsupported_block_m[4] PASSED [  9%]
tests/moe/test_fused_moe_trellis.py::test_caps_reject_unsupported_block_m[12] PASSED [ 10%]
tests/moe/test_fused_moe_trellis.py::test_caps_reject_unsupported_block_m[128] PASSED [ 11%]
tests/moe/test_fused_moe_trellis.py::test_low_level_buffer_plan_honors_explicit_block_m PASSED [ 12%]
tests/moe/test_fused_moe_trellis.py::test_planned_route_block_overrides_live_batch_heuristic PASSED [ 12%]
tests/moe/test_fused_moe_trellis.py::test_prepare_weights_rejects_non_mcg_before_cuda_work PASSED [ 13%]
tests/moe/test_fused_moe_trellis.py::test_prepare_weights_validates_all_rotation_shapes PASSED [ 14%]
tests/moe/test_fused_moe_trellis.py::test_nf3_and_trellis_share_the_w4a16_prepared_contract PASSED [ 15%]
tests/moe/test_fused_moe_trellis.py::test_planned_full_rotation_matches_reference_and_captures[silu-input_dtype0] PASSED [ 16%]
tests/moe/test_fused_moe_trellis.py::test_planned_full_rotation_matches_reference_and_captures[silu-input_dtype1] PASSED [ 17%]
tests/moe/test_fused_moe_trellis.py::test_planned_full_rotation_matches_reference_and_captures[situ-input_dtype0] PASSED [ 18%]
tests/moe/test_fused_moe_trellis.py::test_planned_full_rotation_matches_reference_and_captures[situ-input_dtype1] PASSED [ 18%]
tests/moe/test_fused_moe_trellis.py::test_planned_full_rotation_small_m_partial_blocks[1] PASSED [ 19%]
tests/moe/test_fused_moe_trellis.py::test_planned_full_rotation_small_m_partial_blocks[2] PASSED [ 20%]
tests/moe/test_fused_moe_trellis.py::test_planned_full_rotation_small_m_partial_blocks[3] PASSED [ 21%]
tests/moe/test_fused_moe_trellis.py::test_planned_full_rotation_small_m_partial_blocks[4] PASSED [ 22%]
tests/moe/test_fused_moe_trellis.py::test_planned_full_rotation_small_m_partial_blocks[8] PASSED [ 23%]
tests/moe/test_fused_moe_trellis.py::test_planned_full_rotation_capture_below_capacity[1] PASSED [ 24%]
tests/moe/test_fused_moe_trellis.py::test_planned_full_rotation_capture_below_capacity[2] PASSED [ 25%]
tests/moe/test_fused_moe_trellis.py::test_planned_full_rotation_capture_below_capacity[3] PASSED [ 25%]
tests/moe/test_fused_moe.py::test_run_w4a16_replays_under_cuda_graph_with_frozen_resolution PASSED [ 26%]
tests/moe/test_fused_moe.py::test_run_w4a16_m9_graph_replay_with_prequeued_aux_work PASSED [ 27%]
tests/moe/test_ep_moe_api.py::test_prepare_ep_expert_map_accepts_linear_and_round_robin_placement PASSED [ 28%]
tests/moe/test_ep_moe_api.py::test_prepare_ep_expert_map_rejects_unsafe_values[values0-2-exactly once] PASSED [ 29%]
tests/moe/test_ep_moe_api.py::test_prepare_ep_expert_map_rejects_unsafe_values[values1-2-valid local expert ids] PASSED [ 30%]
tests/moe/test_ep_moe_api.py::test_prepare_ep_expert_map_rejects_unsafe_values[values2-2-valid local expert ids] PASSED [ 31%]
tests/moe/test_ep_moe_api.py::test_prepared_ep_expert_map_rejects_mutation PASSED [ 31%]
tests/moe/test_ep_moe_api.py::test_prepare_ep_expert_map_accepts_inference_tensor PASSED [ 32%]
tests/moe/test_ep_moe_api.py::test_ep_scratch_sizes_global_route_state_separately_from_local_weights PASSED [ 33%]
tests/moe/test_ep_moe_api.py::test_ep_scratch_reserves_route_pack_power_of_two_capacity PASSED [ 34%]
tests/moe/test_ep_moe_api.py::test_ep_contract_requires_w4a16_bf16 PASSED [ 35%]
tests/moe/test_ep_moe_api.py::test_ep_rank_partials_sum_to_full_w4a16_moe PASSED [ 36%]
tests/moe/test_ep_moe_api.py::test_ep_binding_replays_with_changed_routes_under_cuda_graph PASSED [ 37%]
tests/moe/test_w4a16_route_pack.py::test_capacity_block_sizes_cover_every_live_selection[1-8-160] PASSED [ 37%]
tests/moe/test_w4a16_route_pack.py::test_capacity_block_sizes_cover_every_live_selection[64-8-160] PASSED [ 38%]
tests/moe/test_w4a16_route_pack.py::test_capacity_block_sizes_cover_every_live_selection[144-8-160] PASSED [ 39%]
tests/moe/test_w4a16_route_pack.py::test_capacity_block_sizes_cover_every_live_selection[1024-8-256] PASSED [ 40%]
tests/moe/test_w4a16_route_pack.py::test_capacity_block_sizes_cover_every_live_selection[32-64-8] PASSED [ 41%]
tests/moe/test_w4a16_route_pack.py::test_small_capacity_needs_only_block_8 PASSED [ 42%]
tests/moe/test_w4a16_route_pack.py::test_route_pack_capacity_error_reports_live_contract PASSED [ 43%]
tests/moe/test_w4a16_route_pack.py::test_pack_topk_routes_by_expert_groups_and_pads_routes[8-shape0-dtype0] PASSED [ 43%]
tests/moe/test_w4a16_route_pack.py::test_pack_topk_routes_by_expert_groups_and_pads_routes[8-shape0-dtype1] PASSED [ 44%]
tests/moe/test_w4a16_route_pack.py::test_pack_topk_routes_by_expert_groups_and_pads_routes[8-shape1-dtype0] PASSED [ 45%]
tests/moe/test_w4a16_route_pack.py::test_pack_topk_routes_by_expert_groups_and_pads_routes[8-shape1-dtype1] PASSED [ 46%]
tests/moe/test_w4a16_route_pack.py::test_pack_topk_routes_by_expert_groups_and_pads_routes[8-shape2-dtype0] PASSED [ 47%]
tests/moe/test_w4a16_route_pack.py::test_pack_topk_routes_by_expert_groups_and_pads_routes[8-shape2-dtype1] PASSED [ 48%]
tests/moe/test_w4a16_route_pack.py::test_pack_topk_routes_by_expert_groups_and_pads_routes[8-shape3-dtype0] PASSED [ 49%]
tests/moe/test_w4a16_route_pack.py::test_pack_topk_routes_by_expert_groups_and_pads_routes[8-shape3-dtype1] PASSED [ 50%]
tests/moe/test_w4a16_route_pack.py::test_pack_topk_routes_by_expert_groups_and_pads_routes[8-shape4-dtype0] PASSED [ 50%]
tests/moe/test_w4a16_route_pack.py::test_pack_topk_routes_by_expert_groups_and_pads_routes[8-shape4-dtype1] PASSED [ 51%]
tests/moe/test_w4a16_route_pack.py::test_pack_topk_routes_by_expert_groups_and_pads_routes[16-shape0-dtype0] PASSED [ 52%]
tests/moe/test_w4a16_route_pack.py::test_pack_topk_routes_by_expert_groups_and_pads_routes[16-shape0-dtype1] PASSED [ 53%]
tests/moe/test_w4a16_route_pack.py::test_pack_topk_routes_by_expert_groups_and_pads_routes[16-shape1-dtype0] PASSED [ 54%]
tests/moe/test_w4a16_route_pack.py::test_pack_topk_routes_by_expert_groups_and_pads_routes[16-shape1-dtype1] PASSED [ 55%]
tests/moe/test_w4a16_route_pack.py::test_pack_topk_routes_by_expert_groups_and_pads_routes[16-shape2-dtype0] PASSED [ 56%]
tests/moe/test_w4a16_route_pack.py::test_pack_topk_routes_by_expert_groups_and_pads_routes[16-shape2-dtype1] PASSED [ 56%]
tests/moe/test_w4a16_route_pack.py::test_pack_topk_routes_by_expert_groups_and_pads_routes[16-shape3-dtype0] PASSED [ 57%]
tests/moe/test_w4a16_route_pack.py::test_pack_topk_routes_by_expert_groups_and_pads_routes[16-shape3-dtype1] PASSED [ 58%]
tests/moe/test_w4a16_route_pack.py::test_pack_topk_routes_by_expert_groups_and_pads_routes[16-shape4-dtype0] PASSED [ 59%]
tests/moe/test_w4a16_route_pack.py::test_pack_topk_routes_by_expert_groups_and_pads_routes[16-shape4-dtype1] PASSED [ 60%]
tests/moe/test_w4a16_route_pack.py::test_pack_topk_routes_by_expert_groups_and_pads_routes[32-shape0-dtype0] PASSED [ 61%]
tests/moe/test_w4a16_route_pack.py::test_pack_topk_routes_by_expert_groups_and_pads_routes[32-shape0-dtype1] PASSED [ 62%]
tests/moe/test_w4a16_route_pack.py::test_pack_topk_routes_by_expert_groups_and_pads_routes[32-shape1-dtype0] PASSED [ 62%]
tests/moe/test_w4a16_route_pack.py::test_pack_topk_routes_by_expert_groups_and_pads_routes[32-shape1-dtype1] PASSED [ 63%]
tests/moe/test_w4a16_route_pack.py::test_pack_topk_routes_by_expert_groups_and_pads_routes[32-shape2-dtype0] PASSED [ 64%]
tests/moe/test_w4a16_route_pack.py::test_pack_topk_routes_by_expert_groups_and_pads_routes[32-shape2-dtype1] PASSED [ 65%]
tests/moe/test_w4a16_route_pack.py::test_pack_topk_routes_by_expert_groups_and_pads_routes[32-shape3-dtype0] PASSED [ 66%]
tests/moe/test_w4a16_route_pack.py::test_pack_topk_routes_by_expert_groups_and_pads_routes[32-shape3-dtype1] PASSED [ 67%]
tests/moe/test_w4a16_route_pack.py::test_pack_topk_routes_by_expert_groups_and_pads_routes[32-shape4-dtype0] PASSED [ 68%]
tests/moe/test_w4a16_route_pack.py::test_pack_topk_routes_by_expert_groups_and_pads_routes[32-shape4-dtype1] PASSED [ 68%]
tests/moe/test_w4a16_route_pack.py::test_pack_topk_routes_by_expert_groups_and_pads_routes[48-shape0-dtype0] PASSED [ 69%]
tests/moe/test_w4a16_route_pack.py::test_pack_topk_routes_by_expert_groups_and_pads_routes[48-shape0-dtype1] PASSED [ 70%]
tests/moe/test_w4a16_route_pack.py::test_pack_topk_routes_by_expert_groups_and_pads_routes[48-shape1-dtype0] PASSED [ 71%]
tests/moe/test_w4a16_route_pack.py::test_pack_topk_routes_by_expert_groups_and_pads_routes[48-shape1-dtype1] PASSED [ 72%]
tests/moe/test_w4a16_route_pack.py::test_pack_topk_routes_by_expert_groups_and_pads_routes[48-shape2-dtype0] PASSED [ 73%]
tests/moe/test_w4a16_route_pack.py::test_pack_topk_routes_by_expert_groups_and_pads_routes[48-shape2-dtype1] PASSED [ 74%]
tests/moe/test_w4a16_route_pack.py::test_pack_topk_routes_by_expert_groups_and_pads_routes[48-shape3-dtype0] PASSED [ 75%]
tests/moe/test_w4a16_route_pack.py::test_pack_topk_routes_by_expert_groups_and_pads_routes[48-shape3-dtype1] PASSED [ 75%]
tests/moe/test_w4a16_route_pack.py::test_pack_topk_routes_by_expert_groups_and_pads_routes[48-shape4-dtype0] PASSED [ 76%]
tests/moe/test_w4a16_route_pack.py::test_pack_topk_routes_by_expert_groups_and_pads_routes[48-shape4-dtype1] PASSED [ 77%]
tests/moe/test_w4a16_route_pack.py::test_pack_topk_routes_by_expert_groups_and_pads_routes[64-shape0-dtype0] PASSED [ 78%]
tests/moe/test_w4a16_route_pack.py::test_pack_topk_routes_by_expert_groups_and_pads_routes[64-shape0-dtype1] PASSED [ 79%]
tests/moe/test_w4a16_route_pack.py::test_pack_topk_routes_by_expert_groups_and_pads_routes[64-shape1-dtype0] PASSED [ 80%]
tests/moe/test_w4a16_route_pack.py::test_pack_topk_routes_by_expert_groups_and_pads_routes[64-shape1-dtype1] PASSED [ 81%]
tests/moe/test_w4a16_route_pack.py::test_pack_topk_routes_by_expert_groups_and_pads_routes[64-shape2-dtype0] PASSED [ 81%]
tests/moe/test_w4a16_route_pack.py::test_pack_topk_routes_by_expert_groups_and_pads_routes[64-shape2-dtype1] PASSED [ 82%]
tests/moe/test_w4a16_route_pack.py::test_pack_topk_routes_by_expert_groups_and_pads_routes[64-shape3-dtype0] PASSED [ 83%]
tests/moe/test_w4a16_route_pack.py::test_pack_topk_routes_by_expert_groups_and_pads_routes[64-shape3-dtype1] PASSED [ 84%]
tests/moe/test_w4a16_route_pack.py::test_pack_topk_routes_by_expert_groups_and_pads_routes[64-shape4-dtype0] PASSED [ 85%]
tests/moe/test_w4a16_route_pack.py::test_pack_topk_routes_by_expert_groups_and_pads_routes[64-shape4-dtype1] PASSED [ 86%]
tests/moe/test_w4a16_route_pack.py::test_pack_topk_routes_by_expert_handles_large_prefill_plan_shape PASSED [ 87%]
tests/moe/test_w4a16_route_pack.py::test_pack_topk_routes_by_expert_applies_expert_map[8-dtype0] PASSED [ 87%]
tests/moe/test_w4a16_route_pack.py::test_pack_topk_routes_by_expert_applies_expert_map[8-dtype1] PASSED [ 88%]
tests/moe/test_w4a16_route_pack.py::test_pack_topk_routes_by_expert_applies_expert_map[16-dtype0] PASSED [ 89%]
tests/moe/test_w4a16_route_pack.py::test_pack_topk_routes_by_expert_applies_expert_map[16-dtype1] PASSED [ 90%]
tests/moe/test_w4a16_route_pack.py::test_pack_topk_routes_by_expert_applies_expert_map[32-dtype0] PASSED [ 91%]
tests/moe/test_w4a16_route_pack.py::test_pack_topk_routes_by_expert_applies_expert_map[32-dtype1] PASSED [ 92%]
tests/moe/test_w4a16_route_pack.py::test_pack_topk_routes_by_expert_applies_expert_map[48-dtype0] PASSED [ 93%]
tests/moe/test_w4a16_route_pack.py::test_pack_topk_routes_by_expert_applies_expert_map[48-dtype1] PASSED [ 93%]
tests/moe/test_w4a16_route_pack.py::test_pack_topk_routes_by_expert_applies_expert_map[64-dtype0] PASSED [ 94%]
tests/moe/test_w4a16_route_pack.py::test_pack_topk_routes_by_expert_applies_expert_map[64-dtype1] PASSED [ 95%]
tests/moe/test_w4a16_route_pack.py::test_pack_topk_routes_by_expert_ignores_invalid_ids PASSED [ 96%]
tests/moe/test_w4a16_e2e.py::test_w4a16_modelopt_direct_replay_ignores_stale_swizzle_tail[1-relu2] PASSED [ 97%]
tests/moe/test_w4a16_e2e.py::test_w4a16_modelopt_direct_replay_ignores_stale_swizzle_tail[1-silu] PASSED [ 98%]
tests/moe/test_w4a16_e2e.py::test_w4a16_modelopt_direct_replay_ignores_stale_swizzle_tail[3-relu2] PASSED [ 99%]
tests/moe/test_w4a16_e2e.py::test_w4a16_modelopt_direct_replay_ignores_stale_swizzle_tail[3-silu] PASSED [100%]

=============================== warnings summary ===============================
../../../../opt/venv/lib/python3.12/site-packages/torch/cuda/__init__.py:63
  /opt/venv/lib/python3.12/site-packages/torch/cuda/__init__.py:63: FutureWarning: The pynvml package is deprecated. Please install nvidia-ml-py instead. If you did not install pynvml directly, please report this to the maintainers of the package that installed pynvml for you.
    import pynvml  # type: ignore[import]

-- Docs: https://docs.pytest.org/en/stable/how-to/capture-warnings.html
================== 116 passed, 1 warning in 63.72s (0:01:03) ===================
