============================= test session starts ==============================
platform linux -- Python 3.12.3, pytest-8.4.1, pluggy-1.6.0 -- /opt/venv/bin/python
cachedir: .pytest_cache
rootdir: /workspace/field-review-tests/worktrees/sparkinfer-w4a16-pr100-102-final-v2
configfile: pyproject.toml
plugins: anyio-4.14.2
collecting ... collected 12 items

tests/moe/test_w4a16_e2e.py::test_w4a16_modelopt_direct_replay_ignores_stale_swizzle_tail[32-1-relu2] PASSED [  8%]
tests/moe/test_w4a16_e2e.py::test_w4a16_modelopt_direct_replay_ignores_stale_swizzle_tail[32-1-silu] PASSED [ 16%]
tests/moe/test_w4a16_e2e.py::test_w4a16_modelopt_direct_replay_ignores_stale_swizzle_tail[32-3-relu2] PASSED [ 25%]
tests/moe/test_w4a16_e2e.py::test_w4a16_modelopt_direct_replay_ignores_stale_swizzle_tail[32-3-silu] PASSED [ 33%]
tests/moe/test_w4a16_e2e.py::test_w4a16_modelopt_direct_replay_ignores_stale_swizzle_tail[128-1-relu2] PASSED [ 41%]
tests/moe/test_w4a16_e2e.py::test_w4a16_modelopt_direct_replay_ignores_stale_swizzle_tail[128-1-silu] PASSED [ 50%]
tests/moe/test_w4a16_e2e.py::test_w4a16_modelopt_direct_replay_ignores_stale_swizzle_tail[128-3-relu2] PASSED [ 58%]
tests/moe/test_w4a16_e2e.py::test_w4a16_modelopt_direct_replay_ignores_stale_swizzle_tail[128-3-silu] PASSED [ 66%]
tests/moe/test_w4a16_e2e.py::test_w4a16_modelopt_direct_replay_ignores_stale_swizzle_tail[224-1-relu2] PASSED [ 75%]
tests/moe/test_w4a16_e2e.py::test_w4a16_modelopt_direct_replay_ignores_stale_swizzle_tail[224-1-silu] PASSED [ 83%]
tests/moe/test_w4a16_e2e.py::test_w4a16_modelopt_direct_replay_ignores_stale_swizzle_tail[224-3-relu2] PASSED [ 91%]
tests/moe/test_w4a16_e2e.py::test_w4a16_modelopt_direct_replay_ignores_stale_swizzle_tail[224-3-silu] PASSED [100%]

=============================== warnings summary ===============================
../../../../opt/venv/lib/python3.12/site-packages/torch/cuda/__init__.py:63
  /opt/venv/lib/python3.12/site-packages/torch/cuda/__init__.py:63: FutureWarning: The pynvml package is deprecated. Please install nvidia-ml-py instead. If you did not install pynvml directly, please report this to the maintainers of the package that installed pynvml for you.
    import pynvml  # type: ignore[import]

-- Docs: https://docs.pytest.org/en/stable/how-to/capture-warnings.html
======================== 12 passed, 1 warning in 9.42s =========================
