head=113a519a29908786a4793474702220c4dc498916
pr100_base=06032ce74afba49a683d01339ed2c971568cec3f
pr102_base=06032ce74afba49a683d01339ed2c971568cec3f
pr103_base=b38a60ecd5cb026f05ec27fc96433c9eb5ed326e
lint_files:
sparkinfer/_lib/compiler.py
sparkinfer/comm/pcie/pcie_dcp_a2a.py
sparkinfer/moe/_shared/kernels/dynamic.py
sparkinfer/moe/_shared/kernels/w4a16/host.py
sparkinfer/moe/_shared/kernels/w4a16/kernel.py
sparkinfer/moe/_shared/kernels/w4a16/route_pack.py
sparkinfer/moe/ep_moe/_impl.py
sparkinfer/moe/fused_moe/__init__.py
sparkinfer/moe/fused_moe/_impl.py
sparkinfer/moe/fused_moe/api.py
tests/_lib/test_compile_cache.py
tests/comm/test_pcie_dcp_a2a.py
tests/comm/test_pcie_dcp_a2a_gpu.py
tests/comm/test_pcie_two_slot_selector.py
tests/moe/test_ep_moe_api.py
tests/moe/test_fused_moe_planning.py
tests/moe/test_w4a16_e2e.py
tests/moe/test_w4a16_route_pack.py
All checks passed!
