============================= test session starts ==============================
platform linux -- Python 3.12.3, pytest-8.4.1, pluggy-1.6.0 -- /opt/venv/bin/python
cachedir: .pytest_cache
rootdir: /workspace/field-review-tests/worktrees/sparkinfer-w4a16-pr100-102-final
configfile: pyproject.toml
plugins: anyio-4.14.2
collecting ... collected 120 items

tests/_lib/test_compile_cache.py::test_package_root_is_the_sparkinfer_package PASSED [  0%]
tests/_lib/test_compile_cache.py::test_fingerprint_tracks_source_edits PASSED [  1%]
tests/_lib/test_compile_cache.py::test_cache_dir_resolution_order PASSED [  2%]
tests/_lib/test_compile_cache.py::test_disk_cache_key_includes_device_uuid_and_forwards_ordinal PASSED [  3%]
tests/_lib/test_compile_cache.py::test_device_uuid_key_retries_after_unavailable PASSED [  4%]
tests/_lib/test_compile_cache.py::test_device_uuid_key_is_memoized_per_ordinal PASSED [  5%]
tests/_lib/test_compile_cache.py::test_disk_payload_retries_uuid_probe_failure PASSED [  5%]
tests/_lib/test_compile_cache.py::test_explicit_cache_payload_includes_device_uuid PASSED [  6%]
tests/_lib/test_compile_cache.py::test_uuid_unavailable_disables_disk_cache PASSED [  7%]
tests/_lib/test_compile_cache.py::test_explicit_memory_cache_hit_skips_freeze_and_disk_payload PASSED [  8%]
tests/_lib/test_compile_cache.py::test_frozen_memory_miss_rejects_before_disk_cache_load PASSED [  9%]
tests/_lib/test_compile_cache.py::test_v6_semantic_payload_matches_independent_validators PASSED [ 10%]
tests/moe/test_w4a16_e2e.py::test_w4a16_fused_compile_rejects_unresolved_capture_launch PASSED [ 10%]
tests/moe/test_w4a16_e2e.py::test_w4a16_capture_guard_checks_selected_stream PASSED [ 11%]
tests/moe/test_w4a16_e2e.py::test_w4a16_capture_guard_preserves_current_stream_capture PASSED [ 12%]
tests/moe/test_w4a16_e2e.py::test_generic_w4a16_planner_runtime_key_agrees_at_bucket_boundaries[1-1] PASSED [ 13%]
tests/moe/test_w4a16_e2e.py::test_generic_w4a16_planner_runtime_key_agrees_at_bucket_boundaries[8-8] PASSED [ 14%]
tests/moe/test_w4a16_e2e.py::test_generic_w4a16_planner_runtime_key_agrees_at_bucket_boundaries[9-16] PASSED [ 15%]
tests/moe/test_w4a16_e2e.py::test_generic_w4a16_planner_runtime_key_agrees_at_bucket_boundaries[3072-4096] PASSED [ 15%]
tests/moe/test_w4a16_e2e.py::test_generic_w4a16_planner_runtime_key_agrees_at_bucket_boundaries[4096-4096] PASSED [ 16%]
tests/moe/test_w4a16_e2e.py::test_generic_w4a16_planner_runtime_key_agrees_at_bucket_boundaries[4097-8192] PASSED [ 17%]
tests/moe/test_w4a16_e2e.py::test_trellis_w4a16_planner_runtime_key_preserves_exact_capacity PASSED [ 18%]
tests/moe/test_w4a16_e2e.py::test_trellis_w4a16_capture_prewarm_uses_exact_runtime_key PASSED [ 19%]
tests/moe/test_w4a16_e2e.py::test_w4a16_packed_weights_do_not_route_to_small_m_direct[1-e4m3_k16] PASSED [ 20%]
tests/moe/test_w4a16_e2e.py::test_w4a16_packed_weights_do_not_route_to_small_m_direct[1-e8m0_k32] PASSED [ 20%]
tests/moe/test_w4a16_e2e.py::test_w4a16_packed_weights_do_not_route_to_small_m_direct[3-e4m3_k16] PASSED [ 21%]
tests/moe/test_w4a16_e2e.py::test_w4a16_packed_weights_do_not_route_to_small_m_direct[3-e8m0_k32] PASSED [ 22%]
tests/moe/test_w4a16_e2e.py::test_w4a16_packed_weights_do_not_route_to_small_m_direct[8-e4m3_k16] PASSED [ 23%]
tests/moe/test_w4a16_e2e.py::test_w4a16_packed_weights_do_not_route_to_small_m_direct[8-e8m0_k32] PASSED [ 24%]
tests/moe/test_w4a16_e2e.py::test_w4a16_fp4_e8m0_k32_kernel_matches_raw_e8m0_oracle[relu2] PASSED [ 25%]
tests/moe/test_w4a16_e2e.py::test_w4a16_fp4_e8m0_k32_kernel_matches_raw_e8m0_oracle[silu] PASSED [ 25%]
tests/moe/test_w4a16_e2e.py::test_w4a16_e8m0_native_micro_matches_raw_e8m0_oracle[relu2-1-None-w13] PASSED [ 26%]
tests/moe/test_w4a16_e2e.py::test_w4a16_e8m0_native_micro_matches_raw_e8m0_oracle[relu2-1-None-w31] PASSED [ 27%]
tests/moe/test_w4a16_e2e.py::test_w4a16_e8m0_native_micro_matches_raw_e8m0_oracle[relu2-1-0.5-w13] SKIPPED [ 28%]
tests/moe/test_w4a16_e2e.py::test_w4a16_e8m0_native_micro_matches_raw_e8m0_oracle[relu2-1-0.5-w31] SKIPPED [ 29%]
tests/moe/test_w4a16_e2e.py::test_w4a16_e8m0_native_micro_matches_raw_e8m0_oracle[relu2-2-None-w13] PASSED [ 30%]
tests/moe/test_w4a16_e2e.py::test_w4a16_e8m0_native_micro_matches_raw_e8m0_oracle[relu2-2-None-w31] PASSED [ 30%]
tests/moe/test_w4a16_e2e.py::test_w4a16_e8m0_native_micro_matches_raw_e8m0_oracle[relu2-2-0.5-w13] SKIPPED [ 31%]
tests/moe/test_w4a16_e2e.py::test_w4a16_e8m0_native_micro_matches_raw_e8m0_oracle[relu2-2-0.5-w31] SKIPPED [ 32%]
tests/moe/test_w4a16_e2e.py::test_w4a16_e8m0_native_micro_matches_raw_e8m0_oracle[relu2-4-None-w13] PASSED [ 33%]
tests/moe/test_w4a16_e2e.py::test_w4a16_e8m0_native_micro_matches_raw_e8m0_oracle[relu2-4-None-w31] PASSED [ 34%]
tests/moe/test_w4a16_e2e.py::test_w4a16_e8m0_native_micro_matches_raw_e8m0_oracle[relu2-4-0.5-w13] SKIPPED [ 35%]
tests/moe/test_w4a16_e2e.py::test_w4a16_e8m0_native_micro_matches_raw_e8m0_oracle[relu2-4-0.5-w31] SKIPPED [ 35%]
tests/moe/test_w4a16_e2e.py::test_w4a16_e8m0_native_micro_matches_raw_e8m0_oracle[relu2-8-None-w13] PASSED [ 36%]
tests/moe/test_w4a16_e2e.py::test_w4a16_e8m0_native_micro_matches_raw_e8m0_oracle[relu2-8-None-w31] PASSED [ 37%]
tests/moe/test_w4a16_e2e.py::test_w4a16_e8m0_native_micro_matches_raw_e8m0_oracle[relu2-8-0.5-w13] SKIPPED [ 38%]
tests/moe/test_w4a16_e2e.py::test_w4a16_e8m0_native_micro_matches_raw_e8m0_oracle[relu2-8-0.5-w31] SKIPPED [ 39%]
tests/moe/test_w4a16_e2e.py::test_w4a16_e8m0_native_micro_matches_raw_e8m0_oracle[silu-1-None-w13] PASSED [ 40%]
tests/moe/test_w4a16_e2e.py::test_w4a16_e8m0_native_micro_matches_raw_e8m0_oracle[silu-1-None-w31] PASSED [ 40%]
tests/moe/test_w4a16_e2e.py::test_w4a16_e8m0_native_micro_matches_raw_e8m0_oracle[silu-1-0.5-w13] PASSED [ 41%]
tests/moe/test_w4a16_e2e.py::test_w4a16_e8m0_native_micro_matches_raw_e8m0_oracle[silu-1-0.5-w31] PASSED [ 42%]
tests/moe/test_w4a16_e2e.py::test_w4a16_e8m0_native_micro_matches_raw_e8m0_oracle[silu-2-None-w13] PASSED [ 43%]
tests/moe/test_w4a16_e2e.py::test_w4a16_e8m0_native_micro_matches_raw_e8m0_oracle[silu-2-None-w31] PASSED [ 44%]
tests/moe/test_w4a16_e2e.py::test_w4a16_e8m0_native_micro_matches_raw_e8m0_oracle[silu-2-0.5-w13] PASSED [ 45%]
tests/moe/test_w4a16_e2e.py::test_w4a16_e8m0_native_micro_matches_raw_e8m0_oracle[silu-2-0.5-w31] PASSED [ 45%]
tests/moe/test_w4a16_e2e.py::test_w4a16_e8m0_native_micro_matches_raw_e8m0_oracle[silu-4-None-w13] PASSED [ 46%]
tests/moe/test_w4a16_e2e.py::test_w4a16_e8m0_native_micro_matches_raw_e8m0_oracle[silu-4-None-w31] PASSED [ 47%]
tests/moe/test_w4a16_e2e.py::test_w4a16_e8m0_native_micro_matches_raw_e8m0_oracle[silu-4-0.5-w13] PASSED [ 48%]
tests/moe/test_w4a16_e2e.py::test_w4a16_e8m0_native_micro_matches_raw_e8m0_oracle[silu-4-0.5-w31] PASSED [ 49%]
tests/moe/test_w4a16_e2e.py::test_w4a16_e8m0_native_micro_matches_raw_e8m0_oracle[silu-8-None-w13] PASSED [ 50%]
tests/moe/test_w4a16_e2e.py::test_w4a16_e8m0_native_micro_matches_raw_e8m0_oracle[silu-8-None-w31] PASSED [ 50%]
tests/moe/test_w4a16_e2e.py::test_w4a16_e8m0_native_micro_matches_raw_e8m0_oracle[silu-8-0.5-w13] PASSED [ 51%]
tests/moe/test_w4a16_e2e.py::test_w4a16_e8m0_native_micro_matches_raw_e8m0_oracle[silu-8-0.5-w31] PASSED [ 52%]
tests/moe/test_w4a16_e2e.py::test_w4a16_e8m0_native_large_m_uses_main_gemm[relu2-w13] PASSED [ 53%]
tests/moe/test_w4a16_e2e.py::test_w4a16_e8m0_native_large_m_uses_main_gemm[relu2-w31] PASSED [ 54%]
tests/moe/test_w4a16_e2e.py::test_w4a16_e8m0_native_large_m_uses_main_gemm[silu-w13] PASSED [ 55%]
tests/moe/test_w4a16_e2e.py::test_w4a16_e8m0_native_large_m_uses_main_gemm[silu-w31] PASSED [ 55%]
tests/moe/test_w4a16_e2e.py::test_w4a16_e8m0_native_compact_tail_uses_ceil_scale_grid[silu-312] PASSED [ 56%]
tests/moe/test_w4a16_e2e.py::test_w4a16_e8m0_native_compact_tail_uses_ceil_scale_grid[relu2-112] PASSED [ 57%]
tests/moe/test_w4a16_e2e.py::test_w4a16_e8m0_native_compact_tail_uses_ceil_scale_grid[silu-352] PASSED [ 58%]
tests/moe/test_w4a16_e2e.py::test_w4a16_e8m0_native_compact_tail_uses_ceil_scale_grid[relu2-192] PASSED [ 59%]
tests/moe/test_w4a16_e2e.py::test_w4a16_beats_nvfp4_against_true_fp32_oracle_for_odd_shapes[relu2] PASSED [ 60%]
tests/moe/test_w4a16_e2e.py::test_w4a16_beats_nvfp4_against_true_fp32_oracle_for_odd_shapes[silu] PASSED [ 60%]
tests/moe/test_w4a16_e2e.py::test_w4a16_modelopt_direct_replay_ignores_stale_swizzle_tail[1-relu2] PASSED [ 61%]
tests/moe/test_w4a16_e2e.py::test_w4a16_modelopt_direct_replay_ignores_stale_swizzle_tail[1-silu] PASSED [ 62%]
tests/moe/test_w4a16_e2e.py::test_w4a16_modelopt_direct_replay_ignores_stale_swizzle_tail[3-relu2] PASSED [ 63%]
tests/moe/test_w4a16_e2e.py::test_w4a16_modelopt_direct_replay_ignores_stale_swizzle_tail[3-silu] PASSED [ 64%]
tests/moe/test_w4a16_e2e.py::test_w4a16_tc_decode_fused_sum_matches_oracle[1] PASSED [ 65%]
tests/moe/test_w4a16_e2e.py::test_w4a16_tc_decode_fused_sum_matches_oracle[2] PASSED [ 65%]
tests/moe/test_w4a16_e2e.py::test_w4a16_tc_decode_fused_sum_matches_oracle[3] PASSED [ 66%]
tests/moe/test_w4a16_e2e.py::test_w4a16_tc_decode_fused_sum_matches_oracle[4] PASSED [ 67%]
tests/moe/test_w4a16_e2e.py::test_w4a16_tc_decode_fused_sum_matches_oracle[5] PASSED [ 68%]
tests/moe/test_w4a16_e2e.py::test_w4a16_tc_decode_fused_sum_matches_oracle[6] PASSED [ 69%]
tests/moe/test_w4a16_e2e.py::test_w4a16_tc_decode_fused_sum_matches_oracle[7] PASSED [ 70%]
tests/moe/test_w4a16_e2e.py::test_w4a16_tc_decode_fused_sum_matches_oracle[8] PASSED [ 70%]
tests/moe/test_w4a16_e2e.py::test_w4a16_tc_decode_preplanned_launch_matches_oracle[1] PASSED [ 71%]
tests/moe/test_w4a16_e2e.py::test_w4a16_tc_decode_preplanned_launch_matches_oracle[2] PASSED [ 72%]
tests/moe/test_w4a16_e2e.py::test_w4a16_tc_decode_preplanned_launch_matches_oracle[3] PASSED [ 73%]
tests/moe/test_w4a16_e2e.py::test_w4a16_tc_decode_preplanned_launch_matches_oracle[6] PASSED [ 74%]
tests/moe/test_w4a16_e2e.py::test_w4a16_tc_decode_preplanned_launch_matches_oracle[8] PASSED [ 75%]
tests/moe/test_w4a16_e2e.py::test_w4a16_small_m_packed_direct_topk_routes_matches_oracle[1] PASSED [ 75%]
tests/moe/test_w4a16_e2e.py::test_w4a16_small_m_packed_direct_topk_routes_matches_oracle[4] PASSED [ 76%]
tests/moe/test_w4a16_e2e.py::test_w4a16_small_m_packed_direct_topk_routes_matches_oracle[6] PASSED [ 77%]
tests/moe/test_w4a16_e2e.py::test_w4a16_activation_amax_calibration_tracks_routed_inputs_and_fc2_inputs PASSED [ 78%]
tests/moe/test_w4a16_e2e.py::test_w4a16_activation_amax_forces_main_kernel_over_native_small_m_direct PASSED [ 79%]
tests/moe/test_w4a16_e2e.py::test_w4a16_moe_matches_oracle[8-16-relu2] PASSED [ 80%]
tests/moe/test_w4a16_e2e.py::test_w4a16_moe_matches_oracle[8-16-silu] PASSED [ 80%]
tests/moe/test_w4a16_e2e.py::test_w4a16_moe_matches_oracle[16-32-relu2] PASSED [ 81%]
tests/moe/test_w4a16_e2e.py::test_w4a16_moe_matches_oracle[16-32-silu] PASSED [ 82%]
tests/moe/test_w4a16_e2e.py::test_w4a16_moe_matches_oracle[32-64-relu2] PASSED [ 83%]
tests/moe/test_w4a16_e2e.py::test_w4a16_moe_matches_oracle[32-64-silu] PASSED [ 84%]
tests/moe/test_w4a16_e2e.py::test_w4a16_moe_matches_oracle[48-128-relu2] PASSED [ 85%]
tests/moe/test_w4a16_e2e.py::test_w4a16_moe_matches_oracle[48-128-silu] PASSED [ 85%]
tests/moe/test_w4a16_e2e.py::test_w4a16_moe_matches_oracle[64-192-relu2] PASSED [ 86%]
tests/moe/test_w4a16_e2e.py::test_w4a16_moe_matches_oracle[64-192-silu] PASSED [ 87%]
tests/moe/test_w4a16_e2e.py::test_w4a16_situ_moe_matches_oracle PASSED   [ 88%]
tests/moe/test_w4a16_e2e.py::test_w4a16_modelopt_nvfp4_prepare_moe_matches_oracle[relu2] PASSED [ 89%]
tests/moe/test_w4a16_e2e.py::test_w4a16_modelopt_nvfp4_prepare_moe_matches_oracle[silu] PASSED [ 90%]
tests/moe/test_w4a16_e2e.py::test_w4a16_modelopt_nvfp4_explicit_w13_layout_matches_oracle[up_gate-False] PASSED [ 90%]
tests/moe/test_w4a16_e2e.py::test_w4a16_modelopt_nvfp4_explicit_w13_layout_matches_oracle[up_gate-True] PASSED [ 91%]
tests/moe/test_w4a16_e2e.py::test_w4a16_modelopt_nvfp4_explicit_w13_layout_matches_oracle[gate_up-False] PASSED [ 92%]
tests/moe/test_w4a16_e2e.py::test_w4a16_modelopt_nvfp4_explicit_w13_layout_matches_oracle[gate_up-True] PASSED [ 93%]
tests/moe/test_w4a16_e2e.py::test_tp_moe_w4a16_modelopt_nvfp4_uses_normal_nvfp4_scale_contract[relu2] PASSED [ 94%]
tests/moe/test_w4a16_e2e.py::test_tp_moe_w4a16_modelopt_nvfp4_uses_normal_nvfp4_scale_contract[silu] PASSED [ 95%]
tests/moe/test_w4a16_e2e.py::test_tp_moe_w4a16_prepared_reuse_path_is_deterministic_under_odd_shape_stress PASSED [ 95%]
tests/moe/test_w4a16_e2e.py::test_w4a16_moe_matches_oracle_with_expert_map[relu2] PASSED [ 96%]
tests/moe/test_w4a16_e2e.py::test_w4a16_moe_matches_oracle_with_expert_map[silu] PASSED [ 97%]
tests/moe/test_w4a16_e2e.py::test_w4a16_moe_swiglu_limit_matches_oracle_under_cuda_graph PASSED [ 98%]
tests/moe/test_w4a16_e2e.py::test_w4a16_preplanned_capacity_launch_accepts_smaller_live_m PASSED [ 99%]
tests/moe/test_w4a16_e2e.py::test_tp_moe_w4a16_dispatch_uses_native_path PASSED [100%]

=============================== warnings summary ===============================
../../../../opt/venv/lib/python3.12/site-packages/torch/cuda/__init__.py:63
  /opt/venv/lib/python3.12/site-packages/torch/cuda/__init__.py:63: FutureWarning: The pynvml package is deprecated. Please install nvidia-ml-py instead. If you did not install pynvml directly, please report this to the maintainers of the package that installed pynvml for you.
    import pynvml  # type: ignore[import]

-- Docs: https://docs.pytest.org/en/stable/how-to/capture-warnings.html
============ 112 passed, 8 skipped, 1 warning in 106.12s (0:01:46) =============
