head=5c4f8b01962c42d3aab8ac36b1e663974ad2537b start=2026-07-31T02:50:08Z
/opt/venv/lib/python3.12/site-packages/torch/cuda/__init__.py:63: FutureWarning: The pynvml package is deprecated. Please install nvidia-ml-py instead. If you did not install pynvml directly, please report this to the maintainers of the package that installed pynvml for you.
  import pynvml  # type: ignore[import]
/opt/venv/lib/python3.12/site-packages/torch/cuda/__init__.py:63: FutureWarning: The pynvml package is deprecated. Please install nvidia-ml-py instead. If you did not install pynvml directly, please report this to the maintainers of the package that installed pynvml for you.
  import pynvml  # type: ignore[import]
W0731 02:50:11.219000 65333 torch/multiprocessing/spawn.py:165] Terminating process 65401 via signal SIGTERM
F
=================================== FAILURES ===================================
____________ test_pcie_oneshot_eager_graph_and_multistream_torture _____________

    def test_pcie_oneshot_eager_graph_and_multistream_torture():
        if not torch.cuda.is_available():
            pytest.skip("CUDA is not available")
        available = torch.cuda.device_count()
        requested = int(os.getenv("SPARKINFER_PCIE_ONESHOT_TORTURE_WORLD_SIZE", "2"))
        if requested not in (2, 4, 6, 8, 10):
            pytest.skip("PCIe oneshot only supports world sizes 2, 4, 6, 8, and 10")
        if available < requested:
            pytest.skip(f"need {requested} CUDA devices, found {available}")
>       mp.spawn(_worker, args=(requested, _free_port()), nprocs=requested, join=True)

tests/comm/test_pcie_oneshot_torture.py:211:
_ _ _ _ _ _ _ _ _ _ _ _ _ _ _ _ _ _ _ _ _ _ _ _ _ _ _ _ _ _ _ _ _ _ _ _ _ _ _ _
/opt/venv/lib/python3.12/site-packages/torch/multiprocessing/spawn.py:340: in spawn
    return start_processes(fn, args, nprocs, join, daemon, start_method="spawn")
           ^^^^^^^^^^^^^^^^^^^^^^^^^^^^^^^^^^^^^^^^^^^^^^^^^^^^^^^^^^^^^^^^^^^^^
/opt/venv/lib/python3.12/site-packages/torch/multiprocessing/spawn.py:296: in start_processes
    while not context.join():
              ^^^^^^^^^^^^^^
_ _ _ _ _ _ _ _ _ _ _ _ _ _ _ _ _ _ _ _ _ _ _ _ _ _ _ _ _ _ _ _ _ _ _ _ _ _ _ _

self = <torch.multiprocessing.spawn.ProcessContext object at 0x7fe3eefe35f0>
timeout = None, grace_period = None

    def join(self, timeout: float | None = None, grace_period: float | None = None):
        r"""Join one or more processes within spawn context.

        Attempt to join one or more processes in this spawn context.
        If one of them exited with a non-zero exit status, this function
        kills the remaining processes (optionally with a grace period)
        and raises an exception with the cause of the first process exiting.

        Returns ``True`` if all processes have been joined successfully,
        ``False`` if there are more processes that need to be joined.

        Args:
            timeout (float): Wait this long (in seconds) before giving up on waiting.
            grace_period (float): When any processes fail, wait this long (in seconds)
                for others to shutdown gracefully before terminating them. If they
                still don't exit, wait another grace period before killing them.
        """
        # Ensure this function can be called even when we're done.
        if len(self.sentinels) == 0:
            return True

        # Wait for any process to fail or all of them to succeed.
        ready = multiprocessing.connection.wait(
            self.sentinels.keys(),
            timeout=timeout,
        )

        error_index = None
        for sentinel in ready:
            index = self.sentinels.pop(sentinel)
            process = self.processes[index]
            process.join()
            if process.exitcode != 0:
                error_index = index
                break

        # Return if there was no error.
        if error_index is None:
            # Return whether or not all processes have been joined.
            return len(self.sentinels) == 0
        # An error occurred. Clean-up all processes before returning.
        # First, allow a grace period for processes to shutdown themselves.
        if grace_period is not None:
            self._join_procs_with_timeout(grace_period)
        # Then, terminate processes that are still alive. Try SIGTERM first.
        for process in self.processes:
            if process.is_alive():
                log.warning("Terminating process %s via signal SIGTERM", process.pid)
                process.terminate()

        # Try SIGKILL if the process isn't going down after another grace_period.
        # The reason is related to python signal handling is limited
        # to main thread and if that is in c/c++ land and stuck it won't
        # to handle it. We have seen processes getting stuck not handling
        # SIGTERM for the above reason.
        self._join_procs_with_timeout(30 if grace_period is None else grace_period)
        for process in self.processes:
            if process.is_alive():
                log.warning(
                    "Unable to shutdown process %s via SIGTERM , forcefully exiting via SIGKILL",
                    process.pid,
                )
                process.kill()
            process.join()

        # The file will only be created if the process crashed.
        failed_process = self.processes[error_index]
        if not os.access(self.error_files[error_index], os.R_OK):
            exitcode = self.processes[error_index].exitcode
            if exitcode < 0:
                try:
                    name = signal.Signals(-exitcode).name
                except ValueError:
                    name = f"<Unknown signal {-exitcode}>"
                raise ProcessExitedException(
                    f"process {error_index:d} terminated with signal {name}",
                    error_index=error_index,
                    error_pid=failed_process.pid,
                    exit_code=exitcode,
                    signal_name=name,
                )
            else:
                raise ProcessExitedException(
                    f"process {error_index:d} terminated with exit code {exitcode:d}",
                    error_index=error_index,
                    error_pid=failed_process.pid,
                    exit_code=exitcode,
                )

        with open(self.error_files[error_index], "rb") as fh:
            original_trace = pickle.load(fh)
        msg = f"\n\n-- Process {error_index:d} terminated with the following error:\n"
        msg += original_trace
>       raise ProcessRaisedException(msg, error_index, failed_process.pid)
E       torch.multiprocessing.spawn.ProcessRaisedException:
E
E       -- Process 0 terminated with the following error:
E       Traceback (most recent call last):
E         File "/opt/venv/lib/python3.12/site-packages/torch/multiprocessing/spawn.py", line 87, in _wrap
E           fn(i, *args)
E         File "/workspace/field-review-tests/worktrees/sparkinfer-pr103-current/tests/comm/test_pcie_oneshot_torture.py", line 179, in _worker
E           dist.init_process_group(
E         File "/opt/venv/lib/python3.12/site-packages/torch/distributed/c10d_logger.py", line 83, in wrapper
E           return func(*args, **kwargs)
E                  ^^^^^^^^^^^^^^^^^^^^^
E         File "/opt/venv/lib/python3.12/site-packages/torch/distributed/c10d_logger.py", line 97, in wrapper
E           func_return = func(*args, **kwargs)
E                         ^^^^^^^^^^^^^^^^^^^^^
E         File "/opt/venv/lib/python3.12/site-packages/torch/distributed/distributed_c10d.py", line 1848, in init_process_group
E           store, rank, world_size = next(rendezvous_iterator)
E                                     ^^^^^^^^^^^^^^^^^^^^^^^^^
E         File "/opt/venv/lib/python3.12/site-packages/torch/distributed/rendezvous.py", line 232, in _tcp_rendezvous_handler
E           store = _create_c10d_store(
E                   ^^^^^^^^^^^^^^^^^^^
E         File "/opt/venv/lib/python3.12/site-packages/torch/distributed/rendezvous.py", line 199, in _create_c10d_store
E           return TCPStore(
E                  ^^^^^^^^^
E       torch.distributed.DistNetworkError: The server socket has failed to listen on any local network address. port: 42363, useIpv6: false, code: -98, name: EADDRINUSE, message: address already in use

/opt/venv/lib/python3.12/site-packages/torch/multiprocessing/spawn.py:211: ProcessRaisedException
=============================== warnings summary ===============================
../../../../opt/venv/lib/python3.12/site-packages/torch/cuda/__init__.py:63
  /opt/venv/lib/python3.12/site-packages/torch/cuda/__init__.py:63: FutureWarning: The pynvml package is deprecated. Please install nvidia-ml-py instead. If you did not install pynvml directly, please report this to the maintainers of the package that installed pynvml for you.
    import pynvml  # type: ignore[import]

-- Docs: https://docs.pytest.org/en/stable/how-to/capture-warnings.html
=========================== short test summary info ============================
FAILED tests/comm/test_pcie_oneshot_torture.py::test_pcie_oneshot_eager_graph_and_multistream_torture
1 failed, 1 warning in 2.97s
exit=1 elapsed_seconds=4 end=2026-07-31T02:50:12Z
