head=2e4d740476e8120b2720399b0d7adfd14dfc564d start=2026-07-31T03:27:50Z

tests/v1/multiprocess/test_mq.py::test_mq_noop_request PASSED            [  0%]
tests/v1/multiprocess/test_mq.py::test_mq_noop_multiple_requests PASSED  [  1%]
tests/v1/multiprocess/test_mq.py::test_mq_noop_multiple_clients PASSED   [  2%]
tests/v1/multiprocess/test_mq.py::test_mq_register_kv_cache SKIPPED      [  2%]
tests/v1/multiprocess/test_mq.py::test_mq_unregister_kv_cache PASSED     [  3%]
tests/v1/multiprocess/test_mq.py::test_mq_unregister_kv_cache_multiple_clients PASSED [  4%]
tests/v1/multiprocess/test_mq.py::test_mq_store PASSED                   [  5%]
tests/v1/multiprocess/test_mq.py::test_mq_retrieve PASSED                [  5%]
tests/v1/multiprocess/test_mq.py::test_mq_lookup PASSED                  [  6%]
tests/v1/multiprocess/test_mq.py::test_mq_lookup_with_different_key PASSED [  7%]
tests/v1/multiprocess/test_mq.py::test_mq_report_block_allocation PASSED [  8%]
tests/v1/multiprocess/test_mq.py::test_mq_report_block_allocation_empty PASSED [  8%]
tests/v1/multiprocess/test_mq.py::test_shared_loop_lifecycle PASSED      [  9%]
tests/v1/multiprocess/test_mq.py::test_shared_loop_dispatch PASSED       [ 10%]
tests/v1/multiprocess/test_mq.py::test_full_dead_client_queue_does_not_block_healthy_client PASSED [ 10%]
tests/v1/multiprocess/test_mq.py::test_timed_out_future_is_reclaimed_and_late_response_is_ignored PASSED [ 11%]
tests/v1/multiprocess/test_mq.py::test_connection_reset_discards_stale_pending_and_unsent_work PASSED [ 12%]
tests/v1/multiprocess/test_mq.py::test_timed_out_unregister_is_retired_when_loop_recovers PASSED [ 13%]
tests/v1/multiprocess/test_mq.py::test_claimed_register_timeout_rolls_back_on_polling_thread PASSED [ 13%]
tests/v1/multiprocess/test_mq.py::test_release_instance_uses_bounded_join_and_preserves_live_notifier PASSED [ 14%]
tests/v1/multiprocess/test_mq.py::test_client_close_defers_socket_close_after_unregister_timeout PASSED [ 15%]
tests/v1/multiprocess/test_mq.py::test_sync_handler_failure_completes_future_and_loop_recovers PASSED [ 16%]
tests/v1/multiprocess/test_mq.py::test_blocking_handler_failure_completes_future PASSED [ 16%]
tests/v1/multiprocess/test_mq.py::test_shared_loop_recreate PASSED       [ 17%]
tests/v1/multiprocess/test_mq.py::test_add_normal_thread_pool PASSED     [ 18%]
tests/v1/multiprocess/test_mq.py::test_add_affinity_thread_pool PASSED   [ 18%]
tests/v1/multiprocess/test_mq.py::test_normal_pool_error_on_sync_handler PASSED [ 19%]
tests/v1/multiprocess/test_mq.py::test_affinity_pool_error_on_sync_handler PASSED [ 20%]
tests/v1/multiprocess/test_mq.py::test_pool_error_on_unregistered PASSED [ 21%]
tests/v1/multiprocess/test_mq.py::test_multiple_pools PASSED             [ 21%]
tests/v1/multiprocess/test_mq.py::test_start_fails_without_pool_assignment PASSED [ 22%]
tests/v1/multiprocess/test_futures.py::test_messaging_future_basic_usage PASSED [ 23%]
tests/v1/multiprocess/test_futures.py::test_messaging_future_with_thread PASSED [ 24%]
tests/v1/multiprocess/test_futures.py::test_messaging_future_wait_success PASSED [ 24%]
tests/v1/multiprocess/test_futures.py::test_messaging_future_wait_timeout PASSED [ 25%]
tests/v1/multiprocess/test_futures.py::test_messaging_future_result_timeout PASSED [ 26%]
tests/v1/multiprocess/test_futures.py::test_messaging_future_wait_no_timeout PASSED [ 27%]
tests/v1/multiprocess/test_futures.py::test_messaging_future_multiple_result_calls PASSED [ 27%]
tests/v1/multiprocess/test_futures.py::test_messaging_future_complex_type PASSED [ 28%]
tests/v1/multiprocess/test_futures.py::test_messaging_future_exception_is_re_raised PASSED [ 29%]
tests/v1/multiprocess/test_futures.py::test_messaging_future_rejects_non_exception PASSED [ 29%]
tests/v1/multiprocess/test_futures.py::test_cuda_future_retains_exporter_event_until_raw_response PASSED [ 30%]
tests/v1/multiprocess/test_futures.py::test_raw_future_retains_exporter_when_cuda_future_is_abandoned PASSED [ 31%]
tests/v1/multiprocess/test_futures.py::test_timeout_releases_resources_once_and_rejects_late_reply PASSED [ 32%]
tests/v1/multiprocess/test_futures.py::test_first_success_releases_resources_once_and_rejects_late_failure PASSED [ 32%]
tests/v1/multiprocess/test_futures.py::test_completion_timeout_race_has_one_terminal_owner PASSED [ 33%]
tests/v1/multiprocess/test_futures.py::test_cuda_timeout_releases_raw_lease_but_not_caller_lease FAILED [ 34%]
tests/v1/multiprocess/test_futures.py::test_cuda_messaging_future_basic_usage SKIPPED [ 35%]
tests/v1/multiprocess/test_futures.py::test_cuda_messaging_future_with_thread SKIPPED [ 35%]
tests/v1/multiprocess/test_futures.py::test_cuda_messaging_future_wait_no_timeout SKIPPED [ 36%]
tests/v1/multiprocess/test_futures.py::test_cuda_messaging_future_wait_with_timeout_success SKIPPED [ 37%]
tests/v1/multiprocess/test_futures.py::test_cuda_messaging_future_wait_timeout_reached SKIPPED [ 37%]
tests/v1/multiprocess/test_futures.py::test_cuda_messaging_future_result_with_timeout_success SKIPPED [ 38%]
tests/v1/multiprocess/test_futures.py::test_cuda_messaging_future_result_timeout_reached SKIPPED [ 39%]
tests/v1/multiprocess/test_futures.py::test_cuda_messaging_future_multiple_result_calls SKIPPED [ 40%]
tests/v1/multiprocess/test_futures.py::test_cuda_messaging_future_query_before_and_after SKIPPED [ 40%]
tests/v1/multiprocess/test_futures.py::test_cuda_messaging_future_complex_type SKIPPED [ 41%]
tests/v1/multiprocess/test_futures.py::test_messaging_future_to_cuda_future SKIPPED [ 42%]
tests/v1/multiprocess/test_futures.py::test_cuda_messaging_future_with_explicit_device SKIPPED [ 43%]
tests/v1/multiprocess/test_engine_driven_transfer.py::test_wrap_kv_caches_wraps_all_tensors PASSED [ 43%]
tests/v1/multiprocess/test_engine_driven_transfer.py::test_create_transfer_context_uses_non_cuda_context_on_cpu PASSED [ 44%]
tests/v1/multiprocess/test_engine_driven_transfer.py::test_resolve_extra_config_default_mp_transfer_mode_is_auto PASSED [ 45%]
tests/v1/multiprocess/test_engine_driven_transfer.py::test_resolve_extra_config_overrides_mp_transfer_mode PASSED [ 45%]
tests/v1/multiprocess/test_engine_driven_transfer.py::test_extra_config_default_lets_env_var_select_mp_transfer_mode PASSED [ 46%]
tests/v1/multiprocess/test_engine_driven_transfer.py::test_create_transfer_context_force_lmcache_driven_mode PASSED [ 47%]
tests/v1/multiprocess/test_engine_driven_transfer.py::test_create_transfer_context_force_engine_driven_mode_on_cpu PASSED [ 48%]
tests/v1/multiprocess/test_engine_driven_transfer.py::test_create_transfer_context_invalid_mode_raises PASSED [ 48%]
tests/v1/multiprocess/test_engine_driven_transfer.py::test_create_transfer_context_handle_mode_unsupported_device_raises PASSED [ 49%]
tests/v1/multiprocess/test_engine_driven_transfer.py::test_musa_data_context_keeps_layout_validation_device_agnostic PASSED [ 50%]
tests/v1/multiprocess/test_engine_driven_transfer.py::test_musa_data_context_store_uses_device_agnostic_gather PASSED [ 51%]
tests/v1/multiprocess/test_engine_driven_transfer.py::test_musa_data_context_retrieve_uses_device_agnostic_scatter PASSED [ 51%]
tests/v1/multiprocess/test_engine_driven_transfer.py::test_lmcache_driven_requests_use_distinct_exporter_owned_events PASSED [ 52%]
tests/v1/multiprocess/test_engine_driven_transfer.py::test_create_transfer_context_env_var_overrides_default PASSED [ 53%]
tests/v1/multiprocess/test_engine_driven_transfer.py::test_compute_kv_layout_and_gather_scatter_roundtrip[nhd] PASSED [ 54%]
tests/v1/multiprocess/test_engine_driven_transfer.py::test_compute_kv_layout_and_gather_scatter_roundtrip[mla] PASSED [ 54%]
tests/v1/multiprocess/test_engine_driven_transfer.py::test_compute_kv_layout_and_gather_scatter_roundtrip[fused_hnd] PASSED [ 55%]
tests/v1/multiprocess/test_engine_driven_transfer.py::test_compute_kv_layout_and_gather_scatter_roundtrip[fused_nhd] PASSED [ 56%]
tests/v1/multiprocess/test_engine_driven_transfer.py::test_gather_scatter_roundtrip_hnd_layout[_make_hnd_kv_caches-NL_X_TWO_NB_NH_BS_HS] PASSED [ 56%]
tests/v1/multiprocess/test_engine_driven_transfer.py::test_gather_scatter_roundtrip_hnd_layout[_make_hnd_flashinfer_kv_caches-NL_X_NB_TWO_NH_BS_HS] PASSED [ 57%]
tests/v1/multiprocess/test_engine_driven_transfer.py::test_compute_kv_layout_empty_raises_value_error PASSED [ 58%]
tests/v1/multiprocess/test_engine_driven_transfer.py::test_scatter_respects_skip_first_n_tokens[nhd-skip-two-blocks] PASSED [ 59%]
tests/v1/multiprocess/test_engine_driven_transfer.py::test_scatter_respects_skip_first_n_tokens[mla-skip-two-blocks] PASSED [ 59%]
tests/v1/multiprocess/test_engine_driven_transfer.py::test_scatter_respects_skip_first_n_tokens[mla-skip-past-chunk] PASSED [ 60%]
tests/v1/multiprocess/test_engine_driven_transfer.py::test_scatter_rounds_down_partial_block_skip_first_n_tokens[hnd] PASSED [ 61%]
tests/v1/multiprocess/test_engine_driven_transfer.py::test_scatter_rounds_down_partial_block_skip_first_n_tokens[mla] PASSED [ 62%]
tests/v1/multiprocess/test_engine_driven_transfer.py::test_engine_context_shm_pool_info[non-lazy] PASSED [ 62%]
tests/v1/multiprocess/test_engine_driven_transfer.py::test_engine_context_shm_pool_info[lazy] PASSED [ 63%]
tests/v1/multiprocess/test_engine_driven_transfer.py::test_server_register_and_find_non_cuda_context_layout PASSED [ 64%]
tests/v1/multiprocess/test_engine_driven_transfer.py::test_server_store_and_retrieve_cpu_chunks PASSED [ 64%]
tests/v1/multiprocess/test_engine_driven_transfer.py::test_server_shm_commit_store_allows_noop_when_all_keys_exist PASSED [ 65%]
tests/v1/multiprocess/test_engine_driven_transfer.py::test_server_prepare_store_releases_unused_reserved_write_locks PASSED [ 66%]
tests/v1/multiprocess/test_engine_driven_transfer.py::test_server_shm_transport_uses_engine_level_config PASSED [ 67%]
tests/v1/multiprocess/test_engine_driven_transfer.py::test_server_engine_driven_reregister_returns_existing_shm_response PASSED [ 67%]
tests/v1/multiprocess/test_engine_driven_transfer.py::test_server_unregister_engine_driven_context_releases_pending_shm_locks PASSED [ 68%]
tests/v1/multiprocess/test_engine_driven_transfer.py::test_gather_paged_kv_with_chunk_indices_subset PASSED [ 69%]
tests/v1/multiprocess/test_engine_driven_transfer.py::test_server_prepare_store_includes_chunk_indices PASSED [ 70%]
tests/v1/multiprocess/test_engine_driven_transfer.py::test_engine_driven_context_shm_tensor_view_from_buffer PASSED [ 70%]
tests/v1/multiprocess/test_engine_driven_transfer.py::test_engine_driven_context_shm_store_retrieve_flow_with_mocked_mq PASSED [ 71%]
tests/v1/multiprocess/test_engine_driven_transfer.py::test_engine_driven_context_shm_init_raises_when_segment_missing PASSED [ 72%]
tests/v1/multiprocess/test_engine_driven_transfer.py::test_create_engine_driven_context_falls_back_to_pickle_without_shm_info PASSED [ 72%]
tests/v1/multiprocess/test_engine_driven_transfer.py::test_create_engine_driven_context_use_pickle_ignores_valid_shm_info PASSED [ 73%]
tests/v1/multiprocess/test_engine_driven_transfer.py::test_engine_driven_context_shm_close_is_idempotent PASSED [ 74%]
tests/v1/multiprocess/test_lmcache_driven_event_ordering.py::test_store_rerecords_worker_owned_event_after_d2h PASSED [ 75%]
tests/v1/multiprocess/test_lmcache_driven_event_ordering.py::test_retrieve_waits_for_worker_fence_before_h2d PASSED [ 75%]
tests/v1/test_vllm_mp_adapter.py::test_register_kv_caches_updates_kv_caches_and_submits PASSED [ 76%]
tests/v1/test_vllm_mp_adapter.py::test_register_kv_caches_raises_connection_error_on_timeout PASSED [ 77%]
tests/v1/test_vllm_mp_adapter.py::test_register_kv_caches_cpu_submits_engine_driven_context_registration PASSED [ 78%]
tests/v1/test_vllm_mp_adapter.py::test_submit_store_request_tracks_returned_future PASSED [ 78%]
tests/v1/test_vllm_mp_adapter.py::test_chunked_store_keeps_all_futures_and_events PASSED [ 79%]
tests/v1/test_vllm_mp_adapter.py::test_raising_store_query_is_contained_and_releases_event PASSED [ 80%]
tests/v1/test_vllm_mp_adapter.py::test_submit_store_request_expands_block_ids_to_views PASSED [ 81%]
tests/v1/test_vllm_mp_adapter.py::test_submit_retrieve_request_tracks_returned_future PASSED [ 81%]
tests/v1/test_vllm_mp_adapter.py::test_load_store_op_accepts_per_group_block_ids PASSED [ 82%]
tests/v1/test_vllm_mp_adapter.py::test_store_keeps_event_until_future_finishes PASSED [ 83%]
tests/v1/test_vllm_mp_adapter.py::test_retrieve_keeps_event_until_future_finishes PASSED [ 83%]
tests/v1/test_vllm_mp_adapter.py::test_instance_id_is_uuid_derived_63_bit_int PASSED [ 84%]
tests/v1/test_vllm_mp_adapter.py::test_instance_id_logged_at_info_on_construction PASSED [ 85%]
tests/v1/test_vllm_mp_adapter.py::test_heartbeat_lazy_start_wires_callback_before_start PASSED [ 86%]
tests/v1/test_vllm_mp_adapter.py::test_scheduler_heartbeat_starts_from_empty_map_once_per_server PASSED [ 86%]
tests/v1/test_vllm_mp_adapter.py::test_heartbeat_retires_outage_session_then_recovers PASSED [ 87%]
tests/v1/test_vllm_mp_adapter.py::test_heartbeat_first_ping_runs_callback_before_setting_event PASSED [ 88%]
tests/v1/test_vllm_mp_adapter.py::test_dropped_retrieve_reported_once_via_unhealthy_get_finished PASSED [ 89%]
tests/v1/test_vllm_mp_adapter.py::test_dropped_retrieve_reported_once_via_healthy_get_finished PASSED [ 89%]
tests/v1/test_vllm_mp_adapter.py::test_shutdown_stops_heartbeat_before_unregister PASSED [ 90%]
tests/v1/test_vllm_mp_adapter.py::test_shutdown_without_heartbeat_sends_unregister PASSED [ 91%]
tests/v1/test_vllm_mp_adapter.py::test_straggler_cycle_after_stop_skips_callback_and_event PASSED [ 91%]
tests/v1/test_vllm_mp_adapter.py::test_recover_callback_skips_register_after_stop_requested PASSED [ 92%]
tests/v1/test_vllm_mp_adapter.py::test_register_uses_local_context_when_self_transfer_ctx_nulled PASSED [ 93%]
tests/v1/test_vllm_mp_adapter.py::test_startup_warns_when_heartbeat_interval_exceeds_reap_floor PASSED [ 94%]
tests/v1/test_vllm_mp_adapter.py::test_startup_does_not_warn_for_default_heartbeat_interval PASSED [ 94%]
tests/v1/test_vllm_mp_adapter.py::test_recover_callback_rebuilds_transfer_ctx_without_closing_previous PASSED [ 95%]
tests/v1/test_vllm_mp_adapter.py::test_failed_retrieve_marks_blocks_invalid PASSED [ 96%]
tests/v1/test_vllm_mp_adapter.py::test_raising_retrieve_future_contained_as_failure PASSED [ 97%]
tests/v1/test_vllm_mp_adapter.py::test_raising_retrieve_query_contained_as_failure PASSED [ 97%]
tests/v1/test_vllm_mp_adapter.py::test_successful_retrieve_marks_no_blocks_invalid PASSED [ 98%]
tests/cli/commands/bench/test_server_bench.py::TestHandleTransferEvents::test_worker_event_lives_through_response_and_is_synchronized[_send_store-RequestType.STORE] PASSED [ 99%]
tests/cli/commands/bench/test_server_bench.py::TestHandleTransferEvents::test_worker_event_lives_through_response_and_is_synchronized[_send_retrieve-RequestType.RETRIEVE] PASSED [100%]

=================================== FAILURES ===================================
__________ test_cuda_timeout_releases_raw_lease_but_not_caller_lease ___________

    def test_cuda_timeout_releases_raw_lease_but_not_caller_lease() -> None:
        """The raw and CUDA wrappers release their event references independently."""
    
        class _FakeEvent:
            pass
    
        event = _FakeEvent()
        event_ref = weakref.ref(event)
        raw_future = MessagingFuture[tuple[bytes, bool]]()
        cuda_future = raw_future.to_cuda_future(
            device="cuda:0",
            completion_event=event,
        )
        del event
    
        with pytest.raises(
            TimeoutError, match="CUDAMessagingFuture result not available within timeout"
        ):
            cuda_future.result(timeout=0)
    
        # Expiry detached the raw future's lease, but the caller-visible CUDA
        # future still owns the exporter until the caller abandons it.
        gc.collect()
        assert event_ref() is not None
        del cuda_future
        gc.collect()
>       assert event_ref() is None
E       AssertionError: assert <tests.v1.multiprocess.test_futures.test_cuda_timeout_releases_raw_lease_but_not_caller_lease.<locals>._FakeEvent object at 0x77b2b5dede20> is None
E        +  where <tests.v1.multiprocess.test_futures.test_cuda_timeout_releases_raw_lease_but_not_caller_lease.<locals>._FakeEvent object at 0x77b2b5dede20> = <weakref at 0x77b2b7fddad0; to '_FakeEvent' at 0x77b2b5dede20>()

tests/v1/multiprocess/test_futures.py:401: AssertionError
=============================== warnings summary ===============================
../../../../opt/venv/lib/python3.12/site-packages/torch/cuda/__init__.py:63
  /opt/venv/lib/python3.12/site-packages/torch/cuda/__init__.py:63: FutureWarning: The pynvml package is deprecated. Please install nvidia-ml-py instead. If you did not install pynvml directly, please report this to the maintainers of the package that installed pynvml for you.
    import pynvml  # type: ignore[import]

../../../../opt/venv/lib/python3.12/site-packages/opentelemetry/sdk/_logs/_internal/__init__.py:580: 127 warnings
  /opt/venv/lib/python3.12/site-packages/opentelemetry/sdk/_logs/_internal/__init__.py:580: DeprecationWarning: `LoggingHandler` in `opentelemetry-sdk` is deprecated. Use the handler from `opentelemetry-instrumentation-logging` instead.
    warnings.warn(

-- Docs: https://docs.pytest.org/en/stable/how-to/capture-warnings.html
=========================== short test summary info ============================
FAILED tests/v1/multiprocess/test_futures.py::test_cuda_timeout_releases_raw_lease_but_not_caller_lease
=========== 1 failed, 123 passed, 13 skipped, 128 warnings in 55.86s ===========
rc=1 end=2026-07-31T03:28:51Z
